bars 1,620,044  volfilter hot bars 14.2% [1s]
S1.ns: 13301 [3s]
S1.65: 13159 [4s]
S1.130: 13288 [5s]
targets ready [71s]
S4.ns: 4063 [71s]
S4.ns.vf: 3477 [71s]
S4.65: 3962 [72s]
S4.65.vf: 3409 [72s]
S4.130: 4021 [72s]
S4.130.vf: 3457 [73s]
S5.ns: 1624 [73s]
S5.ns.vf: 1337 [73s]
portfolios: 90 [73s]

CONFIGS CLEARING THE PREREGISTERED DEV BAR (worst>-15k, pos>=55%, stress>0): 0
NONE - tail bar unreachable with this library (per spec, reported honestly).

best by dev_sharpe regardless of bar:
                  member  dev_mean  dev_pos  dev_worst  dev_sharpe  dev_stress_mean  hold_mean  hold_pos  hold_worst  hold_sharpe
 S1.65+S4.65.vf+S5.ns.vf      3778     58.7     -36426       0.267             3044      15108      77.8       -9804        0.700
    S1.65+S4.65+S5.ns.vf      3795     57.4     -36426       0.265             3038      21473      77.8       -9804        0.819
   S1.65+S4.130+S5.ns.vf      3904     60.0     -37621       0.263             3145      21916      77.8       -8304        0.966
S1.130+S4.65.vf+S5.ns.vf      3690     59.6     -38505       0.261             2949      11044      66.7       -5438        0.585
 S1.ns+S4.65.vf+S5.ns.vf      3716     59.6     -38505       0.260             2975      13884      66.7       -5438        0.695
    S1.ns+S4.65+S5.ns.vf      3733     57.0     -38505       0.259             2969      20249      77.8       -8047        0.856
   S1.130+S4.65+S5.ns.vf      3706     57.0     -38505       0.259             2943      17409      88.9       -8047        0.755
S1.65+S4.130.vf+S5.ns.vf      3738     61.3     -37621       0.259             3001      16829      88.9       -8304        0.895
  S1.130+S4.130+S5.ns.vf      3816     60.4     -35125       0.258             3050      17852      88.9      -11897        0.882
 S1.65+S4.ns.vf+S5.ns.vf      3734     60.9     -38720       0.257             2997      16540      77.8       -9299        0.838
   S1.ns+S4.130+S5.ns.vf      3842     60.4     -35125       0.257             3077      20692      88.9      -11897        0.990
    S1.65+S4.ns+S5.ns.vf      3798     60.4     -38720       0.254             3037      20996      77.8       -9299        0.935

done [73s]
