=== 1058 sessions, 213 weeks, 2022-07-04 -> 2026-07-31 (EXTENDED - all of it is now in-sample)
    daily rho(P1, SHORT) = -0.0032

========================================================================================================================
=== PHASE 0: the full-sample table that motivated the wave
========================================================================================================================
object                       wk+%  wStrk   medWk$  weekly$   wk$@DD   top5DD    maxDD    worst   ulcer
P1 alone (CHAMPION)         56.3%      8      279    1,315    1,099   13,864   24,225   -7,418   5,749
P1+SHORT w=0.30             60.6%      4      622    1,108    1,154   11,004   19,435   -6,314   4,899
2 long : 1 short (w=1/3)    62.0%      4      658    1,085    1,118   10,471   19,642   -6,311   4,741

========================================================================================================================
=== PHASE 1: ROLLING 24-MONTH WINDOWS. The test that has killed four candidates.
========================================================================================================================
   25 candidate windows

challenger                    n   weekly$@DD     wk+%    top5DD   ALL THREE
P1+SHORT w=0.30              25          84%     100%       24%         12%
2 long : 1 short             25          84%     100%       24%         12%
P1+SHORT w=0.20              25          88%      72%       12%         12%
P1+SHORT w=0.40              25          84%     100%       20%          4%

   PREREGISTERED BAR: all three in a MAJORITY (>50 %) of windows. w=0.30 scores 12 % -> FAIL
   (W61 measured all-three at 5-14 % on the TRUNCATED window.)

========================================================================================================================
=== PHASE 2: PER YEAR. The pair must not be carried by one year.
========================================================================================================================
object                            2022        2023        2024        2025        2026
P1 alone                         1,159         302       1,915       2,265         412   <- weekly $ (1 unit)
P1+SHORT w=0.30                  1,115         294       1,748       1,763         182   <- weekly $ (1 unit)

P1 alone                         46.2%       59.6%       60.4%       58.5%       51.6%   <- positive-week %
P1+SHORT w=0.30                  50.0%       59.6%       62.3%       69.8%       51.6%   <- positive-week %

========================================================================================================================
=== PHASE 3: N1 NULL - is the gain WHEN it trades, or just a second stream?
========================================================================================================================
   Circularly shift the short sleeve's DAILY series against P1's: marginal distribution
   preserved exactly, alignment destroyed. W74 already found the positive-week gain is
   GENERIC, so a 'fail' here means 'the second stream is what matters', not 'no gain'.

metric                      real   null mean    null p95   pctile          
weekly $ @ DD            1,154.0     1,374.8     1,871.9      28%   generic
positive-week %             60.6        58.3        61.5      82%   generic
mean top-5 DD           11,004.4    13,917.8    11,273.7      98%  SPECIFIC
weekly streak                4.0         6.8         4.0      92%   generic

========================================================================================================================
=== PHASE 4: WALK-FORWARD. Re-choose w quarterly on a trailing year.
========================================================================================================================
   12 refits, choices [0.5, 0.5, 0.5, 0.5, 0.4, 0.1, 0.5, 0.4, 0.4, 0.4, 0.0, 0.0]
   choice churn 45 %, w=0.30 chosen in 0 of 12 refits

                              wk+%   weekly$    wk$@DD    top5DD     worst
walk-forward                 59.5%     1,097       872     8,934    -6,892
fixed w=0.30                 62.8%     1,331     1,500    10,260    -6,314
P1 alone                     56.8%     1,600     1,337     9,868    -7,418

   retention 58 % of the fixed quote (W29 bar: >= 80 %) -> FAIL

========================================================================================================================
=== PHASE 5: EXPOSURE and FRICTION
========================================================================================================================
   P1 trades 2,007 times / SHORT 2,331 on the extended window. At w = 0.30 the pair's
   nominal exposure is 0.70 + 0.30 = 1.00 unit, matched to P1 by construction, so the
   drawdown improvement is NOT an exposure cut.
   weighted round turns: P1 2,007 vs pair 2,104 (+4.8 %)
   C1 stress line at $10/RT: P1 -$94/wk, pair -$99/wk
   stress-adjusted weekly: P1 $1,221 vs pair $1,009

========================================================================================================================
=== PREREGISTERED VERDICT
========================================================================================================================
   (1) all three in a majority of rolling windows :    12 %  -> FAIL
   (2) walk-forward retention >= 80 %             :    58 %  -> FAIL
   (3) not carried by one year                    : see phase 2

   -> DOES NOT CLEAR THE BAR. P1 remains the baseline; the pair is a documented
      alternative carrying its own numbers, and the four prior rejections stand on
      better grounds than they were given.

=== STATUS: [0s] ===
done [0s]
