=== deep substrate 6,466,783 bars 2006-01-05T08:59:00 -> 2026-05-29T16:59:00, 5,420 sessions [4s]
   P1's OWN B-MOM signal extracted on the 1-minute clock, non-zero on 28.6 % of bars [118s]
   6,763 trades at 1 NQ with the object's own session box [119s]

========================================================================================================
=== THE ERA TEST: P1's 1-minute B-MOM, standalone, net of $4.36/RT
========================================================================================================
era               sessions   trades         net $   $/trade       SE       t   win %     PF
2006-2021            4,250    5,640        58,645      10.4     11.1    0.94   42.9%  1.043
2022-2026            1,141    1,123       269,684     240.1     96.4    2.49   46.1%  1.220

   the scalping lab's 3-MINUTE B-MOM, for comparison (from its own artifacts):
      2006-2021  4,077 sessions, net $18,156, $4.5/session, t = 0.27, PF 1.013
      2022-2026  1,122 sessions, net $319,123, $284.4/session, t = 2.66, PF 1.215

=== PER YEAR ===
year       trades        net $   $/trade       t     PF   $/session
2006          375       -4,450     -11.9   -1.05  0.877       -12.7
2007          417       -6,488     -15.6   -1.15  0.867       -23.7
2008          389       14,174      36.4    1.43  1.204        52.9
2009          349        1,978       5.7    0.37  1.052         7.6
2010          352          540       1.5    0.10  1.013         2.0
2011          388       -5,912     -15.2   -0.79  0.904       -22.5
2012          387        2,233       5.8    0.35  1.046         8.5
2013          350        6,204      17.7    1.14  1.171        23.8
2014          365         -356      -1.0   -0.04  0.994        -1.4
2015          366         -386      -1.1   -0.03  0.995        -1.5
2016          360        4,025      11.2    0.37  1.053        15.4
2017          355        4,822      13.6    0.50  1.075        18.8
2018          333       22,813      68.5    0.97  1.157        88.4
2019          316       18,142      57.4    1.14  1.183        70.0
2020          277        3,477      12.6    0.10  1.015        13.4
2021          261       -2,173      -8.3   -0.07  0.991        -8.4
2022          250       42,300     169.2    0.78  1.127       163.3
2023          265       46,095     173.9    1.31  1.213       178.7
2024          270       61,638     228.3    1.44  1.250       238.0
2025          237       99,502     419.8    1.51  1.351       384.2
2026          101       20,150     199.5    0.54  1.135       190.1

=== ROLLING 24-MONTH t, and where the latest sits in its own history ===
   220 windows | 73.6 % positive | median t +0.72 | latest t +2.01 at the 95th percentile of its own history
   (W58 measured the 3-minute version at the 98th percentile of ITS history)

=== VERDICT ===
   pre-2022 t = 0.94 on 5,640 trades, PF 1.043
   post-2022 t = 2.49 on 1,123 trades, PF 1.220
   -> P1's 1-MINUTE B-MOM IS FLAT PRE-2022, like the 3-minute one. W67's
      warning STANDS AS WRITTEN: half the object's net comes from a component
      with no edge outside the development era.

=== STATUS: diagnostic. Nothing adopted. ===
done [119s]
