modern paths ready [148s]
E5 (modern, 2022-07..2026-07): Sharpe 0.214  net $227,009  pos 59.6%

=== A2 NULL CALIBRATION (binding): 100 common circular shifts of the vote's inputs ===
   nulls 25/100 [155s]
   nulls 50/100 [162s]
   nulls 75/100 [169s]
   nulls 100/100 [176s]
real 0.214 | null mean 0.042 | null p95 0.147 | percentile 98.0 | p 0.020 -> EVIDENCE

=== A4 SUBFAMILY SENSITIVITY (leave-one-subfamily-out) ===
dropped                 configs   sharpe    delta
members=narrow5              24    0.225   +0.011
members=narrow6              24    0.215   +0.001
members=narrow7              24    0.212   -0.001
members=all13                24    0.191   -0.023
q=None                       24    0.213   -0.000
q=0.7                        24    0.213   -0.000
q=0.8                        24    0.206   -0.008
q=0.9                        24    0.207   -0.007
spread 0.034 -> robust to subfamily removal

=== A3 E5 + S1 (max 2 contracts, disclosed) ===
S1 alone     Sharpe  0.172  net $  284,548  wk $ 1,388  pos  54.1%  worst $  -20,957
E5 alone     Sharpe  0.214  net $  227,009  wk $ 1,118  pos  59.6%  worst $  -17,440
E5+S1        Sharpe  0.241  net $  511,557  wk $ 2,495  pos  58.0%  worst $  -26,850
  corr(E5,S1) = 0.18

=== A1 DEEP HISTORY: E5 unchanged on 2006-2021 ===
pooled: weeks 814  net $65,632  wk $81  pos 47.4%  worst $-8,447  Sharpe 0.056  stress $-44
year      sharpe    pos%        net
2006      -0.381    36.0     -5,429
2007      -0.149    48.0     -2,976
2008      -0.126    46.2     -4,694
2009      -0.257    36.0     -6,385
2010       0.019    52.0        437
2011      -0.023    44.0       -816
2012      -0.062    42.3     -1,589
2013       0.194    48.0      5,436
2014      -0.075    40.0     -1,998
2015       0.204    54.9     11,697
2016       0.141    43.1      7,256
2017      -0.004    44.0       -148
2018       0.003    50.0        310
2019       0.133    51.9     12,068
2020       0.274    67.3     45,829
2021       0.043    53.8      6,632
positive years 8/16 -> modern-regime object
done [662s]
