
======================================================================================================================
=== SEAL + WHAT STAGE 2 FROZE
======================================================================================================================
   max bar 2026-05-29T16:59:00 < 2026-08-01 -> SEAL HELD (asserted in code)
   T_FROZEN.json: T_short = None   T_long_same_rule = None   T_first_half = None
   rule: smallest 5-min-rounded tau with E[fwd|alive] <= 0 for all larger tau
   ALL THREE ARE None. The preregistered rule found no tau at which the short's expected
   forward P&L, conditional on the position still being open, is <= 0. On the whole grid
   5..480 minutes the short's continuation value never turns negative.
   => F3 cannot be evaluated because there is no candidate to evaluate. Recorded as such.

   COVERAGE LIMIT, stated rather than buried: this uses W51c setup(), i.e. load_deep with
   extend=False, so the substrate ends 2026-05-29 and the object is 1,012 sessions, not
   1,056. That is DELIBERATE - it is the only way the B1 gate reproduces W61/W73 exactly
   (14.86 / 6.00 / 2,225) and the comparison stays bit-comparable. The cost is that this
   closure does not cover June-July 2026. Those 44 sessions exist (W76's extend=True) and
   are NOT sealed; re-running with extend=True is a one-line change for a future wave.
   PATH HARNESS L: max |path(dur) - ledger final| = 0.00e+00 -> PASS
   PATH HARNESS S: max |path(dur) - ledger final| = 0.00e+00 -> PASS

   reference (PRIMARY $20.65/ctrRT): LONG $263,350   SHORT $85,209   (floor $20.65->$4.36 would read $121,454 - floor is NOT a headline)

======================================================================================================================
=== PHASE 4a - THE WHOLE CAP SURFACE. 'Same entries, capped hold, no re-entry.'
======================================================================================================================
   Convention, stated so it cannot be mistaken for the engine: entries, sizes, the session
   halt/target path and the commission are all FROZEN at the uncapped run; only the exit
   is moved earlier, at the open of bar ei+T (the repo's own next-bar-open fill). A cap
   removes no trade and adds no round turn, so cost is identical across every row and
   cannot manufacture any of this.

   cap T  mean hold     SHORT $   d vs base  pts/sess  |      LONG $   d vs base  pts/sess
--------------------------------------------------------------------------------------------
       1        1.0     -42,266    -127,475     -2.09  |     -45,740    -309,090     -2.26
       2        1.9     -46,116    -131,325     -2.28  |     -54,670    -318,020     -2.70
       3        2.7     -42,976    -128,185     -2.12  |     -53,015    -316,365     -2.62
       5        4.3     -36,096    -121,305     -1.78  |     -30,440    -293,790     -1.50
       8        6.4     -29,106    -114,315     -1.44  |     -25,775    -289,125     -1.27
      10        7.7     -26,386    -111,595     -1.30  |     -21,860    -285,210     -1.08
      15       10.7      -3,286     -88,495     -0.16  |      -6,860    -270,210     -0.34
      20       13.3       2,294     -82,915      0.11  |      17,455    -245,895      0.86
      30       17.9      -6,206     -91,415     -0.31  |      42,585    -220,765      2.10
      45       23.4     -11,126     -96,335     -0.55  |      56,645    -206,705      2.80
      60       27.7      13,324     -71,885      0.66  |      96,030    -167,320      4.74
      90       34.2      38,124     -47,085      1.88  |      75,800    -187,550      3.75
     120       39.3      47,459     -37,750      2.34  |     100,080    -163,270      4.94
     180       46.8      58,269     -26,940      2.88  |     116,650    -146,700      5.76
     240       52.4      53,069     -32,140      2.62  |     163,635     -99,715      8.08
     360       59.7      59,754     -25,455      2.95  |     217,475     -45,875     10.74
     480       63.3      76,689      -8,520      3.79  |     232,475     -30,875     11.49
     720       65.4      87,269       2,060      4.31  |     254,885      -8,465     12.59
    none       65.9      85,209           0      4.21  |     263,350           0     13.01

   best cap ON THIS SURFACE, in hindsight: T = 720 min, +2,060 vs the uncapped sleeve - but that cap barely binds (mean hold 65.4 min against the uncapped 65.9).
   best cap that MATERIALLY binds (mean hold cut at least in half): T = 60, -71,885.
   One near-inert cap is marginally positive; every cap that materially binds is negative.
   The preregistered rule declined all of them; nothing here can promote one.

   DIRECTION PLACEBO (F3 clause iii, answerable even with no candidate): the same cap
   applied to the LONG object destroys MORE, not less - at T=60, LONG -167,320 against SHORT -71,885. There is no direction-specific
   holding defect: holding longer pays MORE on the long side, but it pays on BOTH.

======================================================================================================================
=== PHASE 4b - THE STATE-BLIND RATE-MATCHED RANDOM EXIT (the control the repo demands)
======================================================================================================================
   An exit rule must beat a coin flip that removes the same holding time. Control:
   C_i ~ Exponential(lambda), realised hold = min(dur_i, ceil(C_i)), lambda solved so the
   MEAN realised hold equals the deterministic cap's. Memoryless => carries zero
   information about the state. 1,000 draws. A second, differently-shaped control
   (uniform on [1, 2T]) is run beside it so the answer is not an artefact of one shape.

  cap T  mean hold      REAL $  |    EXP mean     EXP p95  pctile  beats p95  |    UNI mean     UNI p95  pctile
--------------------------------------------------------------------------------------------------------------
      5        4.3     -36,096  |     -32,970     -15,081    38.5         no  |     -37,318     -22,741    54.8
     10        7.7     -26,386  |     -22,139      -1,076    36.3         no  |     -20,939      -3,084    29.4
     15       10.7      -3,286  |     -17,168       7,909    83.4         no  |     -10,654       8,793    74.2
     20       13.3       2,294  |     -10,553      14,922    78.9         no  |     -10,281      11,132    80.6
     30       17.9      -6,206  |      -3,337      25,364    42.7         no  |      -8,623      14,967    55.3
     45       23.4     -11,126  |       7,574      39,413    16.0         no  |       1,882      27,011    19.1
     60       27.7      13,324  |      15,767      47,242    47.0         no  |      11,886      37,919    51.8
     90       34.2      38,124  |      25,488      56,953    74.2         no  |      24,469      53,088    78.9
    120       39.3      47,459  |      33,515      66,952    76.2         no  |      30,117      58,116    84.7
    180       46.8      58,269  |      47,741      81,438    68.8         no  |      39,583      68,654    86.4
    240       52.4      53,069  |      57,068      89,337    41.6         no  |      45,156      72,566    65.7

   control calibration check: at T=30 the exponential control's realised mean hold is 18.1 min against the rule's 17.9 min - matched.
   ROWS WHERE THE DETERMINISTIC CAP BEATS ITS OWN STATE-BLIND CONTROL AT p95: 0 of 11
   median percentile of the real cap inside its exponential control: 47.0%   (50% = pure exposure removal, no information)

======================================================================================================================
=== PHASE 4c - THE ORACLE BOUND. How big is the prize an exit rule is chasing?
======================================================================================================================
   Perfect foresight: close every trade at its own MFE bar. Not attainable - it is the
   CEILING on any exit repair whatsoever, and it names the level (per OPPORTUNITY_LANGUAGE:
   this is a PERFECT-FORESIGHT-EXIT ceiling on the mirrored short sleeve, 2022-07..2026-05,
   1 contract, PRIMARY cost - it is not an achievable figure and may not be quoted as one).
   It is INFLATED twice over: MFE is read off bar EXTREMES, which no market order can be
   filled at, and it assumes foresight of which bar that is. It is used here only as a
   DENOMINATOR, so both inflations work AGAINST the closure - they make the recovered
   share look smaller. The closure survives them by three orders of magnitude.

arm                       realised $      ORACLE $     forgone $  x realised
------------------------------------------------------------------------------
SHORT sleeve                  85,209     1,804,079     1,718,870        21.2
LONG P1                      263,350     1,879,485     1,616,135         7.1

   share of the short's forgone $1,718,870 that the BEST hindsight elapsed-time cap
   recovers: +0.12%   <- this is the number that closes the angle.
   The giveback is enormous and real. Elapsed time does not locate it.

======================================================================================================================
=== PHASE 4d - WHY. Where does the MFE sit inside the hold?
======================================================================================================================
   LONG   t_MFE/dur decile mass (%):   8.0   7.7   9.6   8.4   7.2  12.1   8.3   7.5   8.5  22.7
   SHORT  t_MFE/dur decile mass (%):   9.3   9.8   9.0   9.3   5.8  12.1   8.7   7.3   8.1  20.6

   LONG   MFE printed ON the exit bar:  16.3%   on the FIRST bar:  30.7%   |   giveback>0 on  98.7% of trades, top decile of giveback = 32.4% of all giveback
   SHORT  MFE printed ON the exit bar:  15.4%   on the FIRST bar:  31.6%   |   giveback>0 on  99.2% of trades, top decile of giveback = 30.3% of all giveback

   A uniform mass across the deciles is exactly what an unpredictable-by-the-clock MFE
   looks like. There is no elapsed-time bucket that concentrates the giveback.

======================================================================================================================
=== PHASE 4e - THE DECOMPOSITION IN POINTS (what actually pays), session-block bootstrap
======================================================================================================================
per-trade mean (pts)            LONG     SHORT  SHORT-LONG               boot 95% CI  excl 0
----------------------------------------------------------------------------------------------
MFE                           39.814    41.574       1.760          [-3.396, +7.073]      no
giveback (MFE-final)          34.683    38.626       3.944          [+0.992, +6.897]     YES
realised                       5.131     2.947      -2.184          [-6.054, +1.525]      no
MAE                          -19.188   -20.953      -1.765          [-3.147, -0.270]     YES
duration (min)                85.895    65.924     -19.971        [-29.816, -10.003]     YES

   IDENTITY: d(realised) = d(MFE) - d(giveback) = +1.760 - +3.944 = -2.184  (check -2.184)
   The short SEES +1.760 pts MORE favourable excursion per trade than the
   long - the leverage effect is REAL and visible in the sleeve's own trades - and gives
   back +3.944 pts more, i.e. 224% of the extra excursion plus the deficit.

======================================================================================================================
=== PHASE 4f - IS THE CLOSURE STABLE? Continuation value by year and by half.
======================================================================================================================
   E[forward pts | still open at tau] x n_alive, in dollars, for the SHORT sleeve.
   A negative cell is a year in which cutting the hold at that tau WOULD have paid.

stratum           n trades         t=5        t=15        t=30        t=60       t=120       t=240
------------------------------------------------------------------------------------------------
ALL 2022-2026         2225     121,305      88,495      91,415      71,885      37,750      32,140
  2022                 329      25,595      22,735       6,145       3,775       8,165       7,360
  2023                 651      10,545       6,740       5,900         290      -4,475       1,070
  2024                 600      62,950      53,205      48,385      53,870      35,400      25,645
  2025                 463      32,570      19,475      31,760      26,410      23,950      13,920
  2026                 182     -10,355     -13,660        -775     -12,460     -25,290         n/a
H1 <=2024-02-29       1115      31,655      23,430         755        -340       5,290      10,590
H2 > 2024-02-29       1110      89,650      65,065      90,660      72,225      32,460      21,550

   The 2026 row is the one that matters for the owner's question: 2026 is the sleeve's
   worst year ever (-10.62 pts/session, W61). If the recent failure were a HOLDING
   failure, 2026's continuation cells would be negative.

======================================================================================================================
=== PHASE 4i - HOW WIDE IS THE CLOSURE? Continuation conditioned on the STATE, not the clock.
======================================================================================================================
   PURE MEASUREMENT, NOT A POLICY TEST. The elapsed-time family is closed above. The
   question this table answers is whether the NEXT family (a state-dependent stop) has
   anything to aim at: for short trades still open at tau, split by how much unrealised
   profit is on the screen at tau (in units of the entry sigma460), what does the
   remainder of the hold pay? A negative cell is somewhere a stop could live. No rule is
   fitted to this table in this wave and none may be - it is a pointer for a future
   preregistration, and it is DISCOVERY_CONSUMED the moment it is read.

   tau      stat       < -1s      -1..0s       0..1s       1..2s       2..4s        > 4s
------------------------------------------------------------------------------------------
    15         n         382          70          99          74         132         467
       E[fwd] pt        0.65       -4.67       -4.68        5.35        6.80        7.87
         total $       4,965      -6,545      -9,260       7,920      17,945      73,470

    30         n         251          54          47          44          83         426
       E[fwd] pt        6.29       -4.62       -4.60       -1.68       -7.59        9.77
         total $      31,555      -4,995      -4,325      -1,475     -12,605      83,260

    60         n         126          27          25          20          55         309
       E[fwd] pt        9.29       -0.20       -7.29       -2.83       -1.03        8.82
         total $      23,400        -110      -3,645      -1,130      -1,130      54,500

   120         n          67          18          14           4          22         209
       E[fwd] pt       -2.82      -12.81           -           -       16.57        9.07
         total $      -3,785      -4,610           -           -       7,290      37,915

   READ: the biggest bucket at every tau is the DEEPEST-IN-PROFIT one (>4 sigma), and it
   carries the LARGEST POSITIVE continuation at every tau. The intuitive repair - 'a short
   in profit should take it before the bounce' - points the wrong way in this data. The
   negative cells are the thin middle buckets, tens of trades and a few thousand dollars,
   scattered in sign across tau. That is what no signal looks like, not what a stop looks
   like. It does not PROVE the state family is closed - it says nothing in it is obvious.
   The clock is closed; whether the STATE is closed is not settled by this wave and the
   cells above are a description of 2,225 in-sample trades, not a test.

======================================================================================================================
=== PHASE 4h - THE ONE EXCEPTION, AND WHY IT IS NOT A CANDIDATE
======================================================================================================================
   Phase 4f shows every 2026 continuation cell NEGATIVE. Read naively that says 'in the
   sleeve's worst year, cutting the hold would have paid'. That is very close to a
   tautology - in a losing year LESS EXPOSURE OF ANY KIND pays - so the only thing that
   can distinguish information from exposure removal is the state-blind control, run
   INSIDE 2026 and inside the weaker first half.

   --- 2026 only: 182 trades, uncapped $-25,483 at PRIMARY cost
        cap T      REAL $   d vs base    EXP mean     EXP p95  pctile  beats p95
            5     -15,128      10,355     -12,489      -4,808    27.7         no
           15     -11,823      13,660     -16,272      -5,903    76.1         no
           30     -24,708         775     -15,663      -3,349    12.0         no
           60     -13,023      12,460     -12,874        -322    50.0         no
          120        -193      25,290     -13,082      -2,896    98.2        YES
      -> caps beating their own state-blind control at p95: 1 of 5
         5 caps tested and they are near-perfectly nested, so one hit at p95 in a
         182-trade partial year is not evidence; the effective number of
         independent tests here is close to 1-2, and the family-wise expectation
         is not far from the one observed. It is not treated as a signal.

   --- H1 <=2024-02-29: 1115 trades, uncapped $13,820 at PRIMARY cost
        cap T      REAL $   d vs base    EXP mean     EXP p95  pctile  beats p95
            5     -17,835     -31,655     -17,752      -8,054    49.1         no
           15      -9,610     -23,430      -6,217       7,603    35.8         no
           30      13,065        -755         553      16,563    90.8         no
           60      14,160         340       4,650      21,616    82.8         no
          120       8,530      -5,290       8,121      23,828    52.4         no
      -> caps beating their own state-blind control at p95: 0 of 5

   A rule conditioned on 2026 would be fitted to 182 trades in the single worst year the
   sleeve has ever had, chosen AFTER seeing that it is the worst year. The method note
   'never redefine the population after seeing the result' forbids it and this wave does
   not do it. Recorded as a REGIME observation, consistent with W62's finding that the
   sleeve's contribution is regime-shaped - not as a holding-time finding.

======================================================================================================================
=== PHASE 4g - RISK VECTOR (research_sdk/champion_eval), short sleeve capped vs uncapped
======================================================================================================================
   Shown for the two caps closest to the measured median time-to-MFE (6 min) and to the
   median duration (20 min) - i.e. the two caps the geometry would most naively suggest.
metric                          uncapped         cap 6        cap 20        cap 60
----------------------------------------------------------------------------------
net / week                         421.8        -208.1         11.36         65.96
median / week                     -138.7        -271.2          -5.1         41.75
% positive weeks                  0.4851        0.4307        0.4901        0.5099
weekly SD                          3,712         1,358         1,875         2,568
ES95                              -5,960        -3,017        -3,744        -4,972
worst week                        -8,546        -4,092        -4,454        -6,824
max drawdown                   3.632e+04     4.856e+04     2.506e+04     2.949e+04
fixed-DD income / wk               235.2        -86.78         9.172         45.27
top 10% share of net               6.757         -4.19         126.9         29.28

   Note: trades and contract round turns are IDENTICAL in every column (a cap truncates,
   it does not thin), so champion_eval's exposure_reducing flag is False by construction
   and the random-thinning placebo is not the right control here - the RATE-MATCHED
   RANDOM EXIT of phase 4b is, and it was run.

======================================================================================================================
=== VERDICT TABLE - every clause printed by the program, none assembled by hand
======================================================================================================================
GATE                                                SPEC                                      OBSERVED                                          PASS
----------------------------------------------------------------------------------------------------------------------------------------------------
H_LEV.A  shorts reach MFE EARLIER inside the hold   med(t_MFE/dur) diff < 0, boot CI excl 0   diff -0.0344, CI [-0.082,+0.014] -> False         FAIL
H_LEV.B  shorts give back MORE of the move          giveback diff > 0, boot CI excl 0         +1.55/sigma and +3.94 pts -> True                 PASS
H_LEV.C  short continuation turns negative sooner   exists tau: E[fwd|alive]<=0 thereafter    T_short = None (positive at all 46 taus)          FAIL
F3.i     exit beats uncapped sleeve @ $20.65/ctrRT  net > $85,209                             no candidate exists to test                       FAIL
F3.ii    exit beats rate-matched random exit p95    1 of 1                                    0 of 11 caps beat p95; median pctile 47           FAIL
F3.iii   rule is DIRECTION-specific (helps S, not L)d_LONG > d_SHORT at matched T             T=60: LONG -167,320 vs SHORT -71,885              FAIL
F3.iv    first-half parameter survives second half  T_half exists and holds                   T_half = None                                     FAIL

   ADOPTABLE (all of F3): NO

   SUMMARY, in one line each:
   1. The leverage effect IS in the sleeve's trades: the short's mean MFE is +1.76 pts
      larger per trade than the long's and its mean MAE is -1.77 pts deeper (CI excludes 0).
   2. It is entirely given back: +3.94 pts more giveback, 224% of the extra excursion,
      leaving a realised difference of -2.18 pts whose 95% CI [-6.05, +1.53] CONTAINS ZERO.
   3. But it is NOT clock-locatable. E[forward pts | still open at tau] for the short is
      POSITIVE at all 46 taus on the grid (5 -> 480 min); the best hindsight
      cap recovers +0.12% of the $1,718,870 perfect-foresight-exit prize;
      and the deterministic cap sits at the 47th percentile of its own
      state-blind rate-matched control, 0 of 11 beating p95. Elapsed time carries no exit information.
   4. Capping hurts the LONG more than the SHORT, so there is no direction-specific
      holding defect to repair.

   DIRECTION: CLOSED. 'The mirrored short holds too long' is refuted on its own trades.
   NOT CLOSED by this wave, and named so it is not silently assumed closed: a
   STATE-DEPENDENT exit (trailing giveback fraction, adverse-excursion stop, volatility-
   scaled stop) is a different rule family. This wave preregistered the ELAPSED-TIME
   family and may not test a second family after seeing this result.
