bars 1,620,044 [0s]
MEM6 [31s]
MEM10 [64s]
MEM14 [95s]
MEM18 [125s]
MEM22 [155s]
MEM26 [185s]
MEM30 [215s]
BASE [250s]
NOHYST [285s]
NOTILT [319s]
NOBLOCK [347s]
NOHYST_NOTILT [381s]

       member  dev_mean  dev_pos  dev_worst  dev_sharpe  dev_tpw  dev_ptrade  dev_stress_mean  hold_mean  hold_pos  hold_sharpe
         MEM6       278     47.8     -19096       0.039    103.1         2.7             -752       4650      55.6        0.310
        MEM10        65     52.2     -34450       0.009     45.8         1.4             -393       4721      77.8        0.522
        MEM14       404     56.1     -39890       0.054     25.2        16.0              152       7741      77.8        0.777
        MEM18       158     52.2     -34948       0.023     16.0         9.9               -1       7188      77.8        0.674
        MEM22       659     53.0     -19270       0.106     11.2        58.7              547       9081      77.8        0.747
        MEM26       260     49.1     -21117       0.045      8.5        30.8              176       9666      77.8        0.699
        MEM30       408     50.7     -26444       0.062      6.6        62.1              342       6314      66.7        0.520
         BASE       188     49.6     -25360       0.028     17.9        10.5                9       8530      77.8        0.578
       NOHYST       -71     50.0     -21207      -0.012     31.2        -2.3             -383       8546      66.7        0.558
       NOTILT       -23     48.7     -21521      -0.003     15.4        -1.5             -177       8290      77.8        0.634
      NOBLOCK       259     50.0     -25165       0.038     17.9        14.4               80       9014      77.8        0.603
NOHYST_NOTILT      -203     47.0     -21323      -0.035     27.9        -7.3             -482       7555      77.8        0.559

marginal deltas vs BASE (dev_sharpe / dev_ptrade / dev_worst):
  NOHYST           -0.040  -12.8  +4,153
  NOTILT           -0.031  -12.0  +3,839
  NOBLOCK          +0.010  +3.9  +195
  NOHYST_NOTILT    -0.063  -17.8  +4,037

done [381s]
