R (reused verbatim) = 1.730064  VMS_1m = [10.3804, 13.8405, 17.3006, 20.7608, 24.2209, 27.681, 31.1411, 34.6013, 38.0614, 41.5215, 44.9817, 48.4418, 51.9019]
loaded 4908286 native 1m hist bars, 2006-01-05 08:59:00 -> 2021-12-31 17:00:00  (3.6s)
session-tagged: 4279 sessions (4.1s)
{
  "n_sessions_sm06_3m_hist": 4130,
  "n_sessions_native_1m_tagged": 4127,
  "n_overlap": 4127,
  "n_only_in_sm06": 3,
  "n_only_in_mine": 0,
  "match_rate_vs_sm06": 0.999273607748184
}
sigma computed (4.6s)
  member 1/13 (vm=10.38) done (9.1s)
  member 2/13 (vm=13.84) done (13.7s)
  member 3/13 (vm=17.30) done (18.4s)
  member 4/13 (vm=20.76) done (23.2s)
  member 5/13 (vm=24.22) done (28.1s)
  member 6/13 (vm=27.68) done (33.0s)
  member 7/13 (vm=31.14) done (38.1s)
  member 8/13 (vm=34.60) done (43.2s)
  member 9/13 (vm=38.06) done (48.3s)
  member 10/13 (vm=41.52) done (53.6s)
  member 11/13 (vm=44.98) done (58.9s)
  member 12/13 (vm=48.44) done (64.3s)
  member 13/13 (vm=51.90) done (69.8s)
targets built (70.0s)
e10_exec done: 4127 sessions (71.8s)
Traceback (most recent call last):
  File "D:\OneDrive - Washington University in St. Louis\TradingResearch\systematic_research\runs\SMV2AF_1MIN_RESCALE_R2\src\gate_C_build_old_regime.py", line 168, in <module>
    "net_$": m["net"], "sharpe": m["sharpe"], "maxDD_eod": m["max_dd"], "CDaR5": m["CDaR5"],
                                                           ^^^^^^^^^^^^^^
KeyError: 'maxDD_eod'
'
