bars 1,620,044 [0s]
S1 x3 [3s]
S4.all13 x9 [40s]
S4.wide7 x9 [82s]
S4.narrow6 x9 [123s]
CD: 8064 trades [126s]
MO: 10239 trades [127s]
S5 [164s]

CLEARING DEV BAR: 1
            member  dev_mean  dev_pos  dev_worst  dev_sharpe  dev_ptrade  dev_stress_mean  hold_mean  hold_pos  hold_worst  hold_sharpe
S4.all13.h1300.gdl      1233     56.5     -12915       0.217       110.5             1121       1306      55.6      -13155        0.151

CHAMPION: S4.all13.h1300.gdl -> holdout confirm FAIL

best by dev_sharpe (any):
                       member  dev_mean  dev_pos  dev_worst  dev_sharpe  dev_ptrade  dev_stress_mean  hold_mean  hold_pos  hold_worst  hold_sharpe
   S1.none+S4.all13.h1300.gdl      2631     60.0     -26968       0.253        40.3             1978       8480      66.7       -9023        0.589
   S1.none+S4.all13.h2600.gdl      2710     61.7     -30186       0.252        40.1             2035      11122      66.7      -12155        0.611
   S1.none+S4.all13.hnone.gdl      2700     61.3     -25468       0.248        39.3             2012      15475      66.7      -10989        0.651
 S1.none+S4.all13.h2600.gnone      2771     62.6     -30876       0.243        40.0             2077      10513      66.7      -14153        0.578
 S1.none+S4.narrow6.h1300.gdl      2569     61.3     -28778       0.240        35.2             1839       9799      55.6      -12528        0.476
   S1.none+S4.all13.h2600.gfv      2719     60.4     -30876       0.238        39.3             2028      10236      66.7      -14153        0.560
 S1.none+S4.narrow6.hnone.gdl      2772     60.0     -26443       0.238        35.4             1989      14836      88.9       -2402        0.666
   S1.none+S4.wide7.h1300.gfv      2660     56.5     -27133       0.238        43.1             2043      11086      66.7      -12226        0.616
  S1.h2600+S4.all13.h1300.gdl      2276     57.4     -20954       0.237        43.4             1751       6016      66.7      -12056        0.471
  S1.h2600+S4.all13.h2600.gdl      2355     61.3     -20150       0.236        43.1             1809       8658      77.8      -16604        0.496
 S1.none+S4.wide7.h1300.gnone      2639     56.5     -27133       0.236        42.7             2021      11413      66.7      -12226        0.626
  S1.h2600+S4.all13.hnone.gdl      2344     61.3     -26592       0.231        42.0             1786      13011      77.8      -17523        0.626
S1.h2600+S4.all13.h2600.gnone      2415     57.8     -23824       0.229        42.8             1851       8049      77.8      -20686        0.471
 S1.none+S4.narrow6.h2600.gdl      2578     61.3     -36824       0.228        33.7             1813      14617      88.9       -7417        0.690
 S1.none+S4.all13.hnone.gnone      2553     60.9     -25278       0.226        35.9             1842      16010      66.7       -9211        0.722

new bases:
  member  dev_mean  dev_pos  dev_worst  dev_sharpe  dev_ptrade  dev_stress_mean  hold_mean  hold_pos  hold_worst  hold_sharpe
   CD.ns      1252     57.4     -41453       0.137        37.2              915       2407      66.7      -24387        0.163
CD.h2600       877     52.6     -16267       0.113        32.1              604      -4447      22.2      -16555       -0.660
   MO.ns     -1536     42.2     -34883      -0.159       -36.0            -1962      -9582      22.2      -28039       -0.713
MO.h2600      -725     41.7     -20077      -0.092       -19.8            -1090      -7389      22.2      -16314       -1.131

done [164s]
