features ready [18s]
bases ready [120s]
variant                     CAPT%  bigCAP  smlCAP   smlPts  wkMean  wkPos  wkWorst  wkShrp   strs    tpw   hShrp   hPos
--- Q1 MIRROR: size 2 when ratio >= hi (base = A_range0.8 on S4n.gdl) ---
S4n.gdl+A0.8 (base)          4.87   17.58   -1.60   -4,369   1,431   59.1  -24,417   0.210  1,250   18.1   0.665   77.8
P1_size2@1.2                 7.17   27.08   -2.97   -8,097   2,078   56.1  -41,420   0.182  1,897   18.1   0.644   77.8
P1_size2@1.5                 6.26   22.33   -1.92   -5,241   1,890   58.3  -34,078   0.195  1,709   18.1   0.506   77.8
P1_size2@2.0                 5.81   19.92   -1.39   -3,772   1,766   59.1  -26,889   0.207  1,586   18.1   0.700   77.8
--- Q2 GENERALITY: same throttle on other sleeves ---
S1 (base)                    4.70   13.82    0.06      153   1,399   54.8  -20,957   0.176    857   54.2   0.393   55.6
S1+q0.7                      4.63   12.91    0.41    1,106   1,297   56.3  -20,853   0.176    831   46.7   0.518   66.7
S1+q0.8                      3.43   11.69   -0.77   -2,104     922   54.1  -19,846   0.124    500   42.1   0.504   66.7
S1+q0.9                      2.76   10.36   -1.10   -3,003     751   53.3  -20,085   0.106    376   37.5   0.453   55.6
S4a.gdl (base)               4.55   20.62   -3.64   -9,900   1,301   60.0  -21,428   0.195  1,155   14.5   0.764   77.8
S4a.gdl+q0.8                 4.27   20.14   -3.81  -10,380   1,203   58.5  -20,320   0.184  1,083   11.9   0.859   77.8
S5.vf (base)                 4.03   15.44   -1.79   -4,866   1,400   59.6  -21,112   0.186  1,337    6.4   0.124   55.6
S5+q0.8                      3.92   15.03   -1.74   -4,725   1,382   54.2  -21,112   0.187  1,327    5.5   0.094   55.6
--- Q3 PORTFOLIOS ---
S1 + S4n+A0.8                9.57   31.39   -1.55   -4,216   2,830   61.3  -27,182   0.248  2,107   72.3   0.668  100.0
S1+q0.7 + S4n+A0.8           9.49   30.49   -1.20   -3,263   2,723   62.2  -26,628   0.246  2,077   64.6   0.769   88.9
done [122s]
