[PLACEBO01] preregistration written to out/PREREGISTRATION.md / preregistration.json
[PLACEBO01] canonical bars: 519714  2022-01-02 18:03:00 .. 2026-05-29 17:00:00  sessions=1139
[PLACEBO01] running correctness gate: reconstruct TRUE incumbent from target_exposure_A via loop_exec ...
[PLACEBO01] gate: reconstructed net=177924.4000  certified=177924.4  net_match=True  max|bar_pnl diff vs U0|=0.000e+00  bytewise_match=True
[PLACEBO01] correctness gate PASSED -- proceeding to placebo randomizations.
[PLACEBO01] 400202 nonzero-direction bars across 126 strata (min=345, median=1564, max=17986, n_strata_size<10=0)
[PLACEBO01] REAL: net=177924.40  contracts=36794  PnL/contract=4.8357  PnL/exposure-hr=3.3172  gradient=0.0739
[PLACEBO01] 50/500 replicates done (last net=199686.00)
[PLACEBO01] 100/500 replicates done (last net=209937.00)
[PLACEBO01] 150/500 replicates done (last net=196469.30)
[PLACEBO01] 200/500 replicates done (last net=232903.80)
[PLACEBO01] 250/500 replicates done (last net=177779.60)
[PLACEBO01] 300/500 replicates done (last net=193874.60)
[PLACEBO01] 350/500 replicates done (last net=197054.00)
[PLACEBO01] 400/500 replicates done (last net=227095.30)
[PLACEBO01] 450/500 replicates done (last net=211843.20)
[PLACEBO01] 500/500 replicates done (last net=205588.20)

[PLACEBO01] ==== REAL vs NULL (500-replicate within-stratum size-permutation) ====
  PnL/contract:        real=4.83569  null[mean=0.48677, p05=0.37701, p95=0.59096]  percentile=100.0
  PnL/exposure-hour:    real=3.31720  null[mean=3.81357, p05=2.95109, p95=4.62700]  percentile=15.2
  marginal gradient:    real=0.07395  null[mean=0.33423, p05=0.31050, p95=0.35686]  percentile=0.0

[PLACEBO01] wrote D:\OneDrive - Washington University in St. Louis\TradingResearch\systematic_research\research\system_master\PLACEBO01_COMPONENT_CAUSALITY\out\sizing_placebo_results.csv
[PLACEBO01] wrote D:\OneDrive - Washington University in St. Louis\TradingResearch\systematic_research\research\system_master\PLACEBO01_COMPONENT_CAUSALITY\out\sizing_placebo_results.json
