targets ready [67s]
variants done [135s]

         member  dev_mean  dev_pos  dev_worst  dev_sharpe  dev_tpw  dev_ptrade  dev_stress  hold_sharpe  hold_pos
             S1      1399     54.8     -20957       0.176     54.2        25.8         857        0.393      55.6
   BASE_S4n.gdl      1373     59.1     -28985       0.193     24.1        56.9        1132        0.669      77.8
     H1_reentry      1373     59.1     -28985       0.193     24.1        56.9        1132        0.669      77.8
       H2_pyr20      2520     58.7     -52050       0.197     24.1       104.5        2278        0.458      55.6
       H2_pyr40      2285     59.6     -48218       0.192     24.1        94.7        2044        0.393      66.7
   H3_earlyflow      1153     57.4     -34994       0.140     32.0        36.1         833        0.680      66.7
      H4_hold+0      1317     59.1     -29901       0.181     22.4        58.8        1093        0.701      77.8
      H4_hold-1      1340     55.7     -33304       0.160     16.7        80.2        1173        1.216      88.9
        S4w.gdl       954     54.3     -16254       0.145      8.5       112.6         869        0.586      55.6
    H5_twospeed      2327     57.4     -30311       0.193     32.6        71.4        2001        0.734      77.8
S1+BASE_S4n.gdl      2772     60.0     -26443       0.238     78.3        35.4        1989        0.666      88.9
  S1+H1_reentry      2772     60.0     -26443       0.238     78.3        35.4        1989        0.666      88.9
    S1+H2_pyr20      3919     63.0     -39522       0.241     78.3        50.0        3135        0.585      77.8
    S1+H2_pyr40      3684     61.7     -41519       0.238     78.3        47.0        2901        0.555      77.8
S1+H3_earlyflow      2552     59.1     -25805       0.206     86.2        29.6        1690        0.702      88.9
   S1+H4_hold+0      2716     60.0     -27123       0.235     76.6        35.5        1950        0.682      88.9
   S1+H4_hold-1      2739     57.8     -27850       0.224     70.9        38.6        2030        0.910      88.9
 S1+H5_twospeed      3726     60.0     -40512       0.235     86.8        42.9        2858        0.734      88.9

marginal vs BASE_S4n.gdl (dev_sharpe / $per_trade / worst):
  H1_reentry       +0.000     +0.0  +0
  H2_pyr20         +0.004    +47.6  -23,065
  H2_pyr40         -0.001    +37.8  -19,233
  H3_earlyflow     -0.053    -20.8  -6,009
  H4_hold+0        -0.012     +1.9  -916
  H4_hold-1        -0.033    +23.3  -4,319
  H5_twospeed      +0.000    +14.5  -1,326

done [135s]
