features ready [19s]
variant                       k       n   CAPT%  bigCAP   wkMean  wkPos   wkWorst  wkShrp    strs   hShrp
(CAPT/bigCAP/wkMean/worst are EXPOSURE-NORMALISED: divided by k)
BASE ensemble narrow6         1    4329    5.01   17.77    1,484   59.6   -25,032   0.214   1,305   0.666
--- Q1: per-member sleeves, positions summed ---
   member 6 targets [82s]
   member 10 targets [112s]
   member 14 targets [142s]
   member 18 targets [172s]
   member 22 targets [202s]
   member 26 targets [232s]
   member 30 targets [261s]
A1_members_k3                 3   12438    3.33   14.64      980   56.5   -22,299   0.192     809   0.954
A1_members_k5                 5   17669    3.21   15.24      934   56.1   -18,665   0.193     788   0.997
A1_members_k7                 7   20969    2.91   14.63      828   54.8   -20,096   0.171     705   0.996
--- Q2: unused Solar signal types (on the raw 1-min Solar model) ---
A2_strong_only                1    3892    5.11   17.62    1,518   58.3   -25,032   0.222   1,358   0.674
A3_plus_strengthen            1   10046    4.76   18.01    1,377   57.4   -23,044   0.197     962   0.726
A4_wave_gate                  1    4034    5.18   17.73    1,542   58.7   -25,032   0.225   1,376   0.678

QUALIFYING (exposure-normalised Sharpe > 0.214, stress>0, big>=90% of base): 2
          name  k    n  capture   big  wk_mean  wk_pos  wk_worst  wk_sharpe  stress  hold_sharpe
A2_strong_only  1 3892     5.11 17.62     1518    58.3    -25032      0.222    1358        0.674
  A4_wave_gate  1 4034     5.18 17.73     1542    58.7    -25032      0.225    1376        0.678
done [267s]
