=== deep 4,908,286 bars, 4,279 sessions [10s]
   deep P1: 9,557 trades [45s]
   deep X9a: 9,504 trades [76s]
   deep X2: 9,599 trades [106s]

==============================================================================================================================
=== THE ADVANTAGE CURVE: (P1 - X9a) per trade, in 6-month blocks
==============================================================================================================================
block         in dev?  trades   P1 $/trd  X9a $/trd    P1-X9a     (SE)  |t|>2?  PLACEBO P1-X2   med rng  trendUp%
2006-01-01                129      -37.8      -32.5      -5.3     17.1                   -4.5        16       18%
2006-07-01                162      -16.3      -19.3       3.0     18.5                   -0.3        22       14%
2007-01-01                132       -6.9       -9.1       2.2     20.5                    0.4        20       24%
2007-07-01                242      -16.8      -18.2       1.4     23.2                   -0.7        33       22%
2008-01-01                287       -9.0      -13.0       4.0     21.6                    0.8        44       15%
2008-07-01                417      -18.7      -12.4      -6.4     21.7                   -1.1        54       12%
2009-01-01                425       -2.8       -0.3      -2.5     12.7                   -0.2        37       17%
2009-07-01                249      -34.8      -33.6      -1.2     12.9                    0.0        26       20%
2010-01-01                211       -4.1       -8.9       4.8     26.6                    0.4        31       20%
2010-07-01                236       -0.5       -2.7       2.2     20.5                   -0.7        29       21%
2011-01-01                318        3.9       -1.3       5.2     15.8                    0.2        32       19%
2011-07-01                425       -6.0       -3.2      -2.8     17.7                    1.0        54       22%
2012-01-01                225      -18.7      -23.5       4.8     19.7                   -0.0        35       19%
2012-07-01                332        4.3        2.2       2.1     16.8                   -0.0        35       17%
2013-01-01                245       -0.5        8.8      -9.3     20.0                    0.1        31       22%
2013-07-01                269       24.8       30.9      -6.1     20.4                   -0.8        31       28%
2014-01-01                187       -7.0       -8.4       1.4     23.6                   -1.7        41       22%
2014-07-01                320       -2.2       -8.0       5.7     28.0                    1.4        43       26%
2015-01-01                320       26.1       38.8     -12.7     21.4                    1.1        51       23%
2015-07-01                376       11.2        1.4       9.8     30.6                   -5.4        67       23%
2016-01-01                383        7.1       12.1      -5.1     26.5                   -0.7        66       18%
2016-07-01                277       15.6        5.1      10.5     24.7                   -0.4        46       21%
2017-01-01                312        3.4        5.6      -2.2     21.4                   -0.5        40       29%
2017-07-01                391       -7.2       -9.8       2.6     17.9                    2.0        55       24%
2018-01-01                333       16.9      -16.2      33.1     37.2                    1.8       106       22%
2018-07-01                363       37.0       47.7     -10.7     72.3                    4.0       120       22%
2019-01-01                336       50.1       49.0       1.1     48.1                   -3.6        97       23%
2019-07-01                363       21.1       20.9       0.1     40.4                    5.9        98       22%
2020-01-01                395       34.7       84.1     -49.4     71.3                    3.4       236       29%
2020-07-01                272       56.2       82.2     -26.0     83.0                   10.2       228       28%
2021-01-01                281       80.9      110.2     -29.3    111.2                   24.8       225       26%
2021-07-01                344       -2.4       40.3     -42.7     62.9                    1.2       204       23%
2022-07-01        DEV      71      424.5      291.4     133.1    437.5                    5.5       288       19%
2023-01-01        DEV      79      202.1       46.6     155.4    323.5                    9.9       234       25%
2023-07-01        DEV      79       -3.4       56.7     -60.1    275.9                   29.9       221       22%
2024-01-01        DEV      83      615.2      504.2     111.1    411.4                   -1.2       241       23%
2024-07-01        DEV      81      622.4      890.1    -267.8    438.9                  -12.8       298       21%
2025-01-01        DEV      76    1,040.5      355.3     685.1    662.4                  467.1       406       18%
2025-07-01        DEV      67      611.4      216.7     394.7    464.4                   -9.7       288       21%
2026-01-01        DEV      86      296.4      628.3    -331.9    484.9                  -14.4       469       23%

=== THE FOUR PREREGISTERED CONDITIONS ===
   (a) P1 ahead in a MAJORITY of the 8 DEV blocks        :    62 %  -> yes
   (b) P1 NOT ahead in a majority of the 32 non-dev blocks:    47 %  -> no
   (c) PLACEBO X2 does NOT show the same pattern                : dev 50 % / non-dev 47 %  -> placebo is CLEAN
       regime variable med_rng    R2 = +0.037
       regime variable mean_net   R2 = +0.001
       regime variable trendup    R2 = +0.019
   (d) dev-window dummy R2 = +0.084  vs best regime variable (med_rng) R2 = +0.037  -> dev-window wins

   sample adequacy: 0 of 40 block differences are individually |t| > 2.
   -> almost none are. The curve is a SHAPE, not a set of measurements. It can
      motivate further work and cannot settle anything.

=== VERDICT: H is FALSIFIED ===
   At least one condition fails. The P1/X9a difference is regime-conditional or
   noise; W80's verdict stands and the anchor question is closed.

=== STATUS: diagnostic. NOTHING ADOPTED. [110s] ===
done [110s]
