=== B1 GATE: 14.86 pts/session over 1012 sessions (expect 14.72) -> PASS [23s]

================================================================================================================
=== PHASE 1: the two books as they already exist inside the object
================================================================================================================
arm                             trds    pts     wk$  wk+%    worst    maxDD   top5DD   ulcer    MAR annShrp  cvEff  expo%  stress
P1 INCUMBENT                    1942  14.86   1,475  58.3   -7,418   20,245   14,266   6,183  14.86    2.26  0.273  100.0   1,379
NIGHT 18:00-08:00 ET            1056   7.18     712  43.6   -5,118   15,180    9,210   6,644   9.57    1.70  0.206   71.6     660
DAY   08:00-17:00 ET             886   7.68     762  49.0   -6,927   17,641   12,350   5,101   8.82    1.48  0.182   28.4     719

   weekly correlation NIGHT vs DAY, all 204 weeks          : -0.032
   the same correlation INSIDE the worst decile (20 weeks): -0.692
   (W43's lesson: unconditional decoupling is NECESSARY AND NOT SUFFICIENT - RTY/YM
    correlated 0.04/0.03 with NQ unconditionally and still failed inside the tail.)

   exposure split: NIGHT 71.6 % | DAY 28.4 % of contract-minutes; money split NIGHT 48.3 % | DAY 51.7 %

=== per year (pts/session) ===
book                                  2022        2023        2024        2025        2026
P1 INCUMBENT                         11.59        3.04       19.59       23.17       15.79
NIGHT                                 7.14       -0.59        7.02       10.05       19.49
DAY                                   4.45        3.63       12.57       13.12       -3.70

================================================================================================================
=== PHASE 2: constant-total-exposure weight scan
================================================================================================================
w = share of the incumbent's TOTAL contract-minutes allocated to the NIGHT book.
The incumbent sits at w = 0.716 by construction and must reproduce exactly.
Weights are fractional-contract arithmetic on the realised trade P&L; the session box
still truncates the COMBINED book here (phase 3 tests per-book boxes with real re-runs).

arm                             trds    pts     wk$  wk+%    worst    maxDD   top5DD   ulcer    MAR annShrp  cvEff  expo%  stress
P1 INCUMBENT                    1942  14.86   1,475  58.3   -7,418   20,245   14,266   6,183  14.86    2.26  0.273  100.0   1,379
w=0.00                          3122  27.08   2,687  49.0  -24,410   62,168   43,522  17,975   8.82    1.48  0.182  100.0   2,534
w=0.05                          3039  26.23   2,602  53.9  -23,177   58,956   41,276  17,031   9.00    1.51  0.185  100.0   2,453
w=0.10                          2957  25.38   2,518  53.9  -21,944   55,744   39,030  16,094   9.21    1.55  0.190  100.0   2,373
w=0.15                          2875  24.52   2,433  52.9  -20,711   52,532   36,804  15,168   9.45    1.58  0.194  100.0   2,292
w=0.20                          2792  23.67   2,348  53.9  -19,478   49,319   34,642  14,252   9.71    1.62  0.200  100.0   2,211
w=0.25                          2710  22.82   2,264  54.4  -18,245   46,107   32,545  13,348  10.02    1.66  0.205  100.0   2,131
w=0.30                          2627  21.96   2,179  54.4  -17,011   42,895   30,448  12,459  10.36    1.71  0.211  100.0   2,050
w=0.35                          2545  21.11   2,094  54.9  -15,778   39,683   28,351  11,584  10.77    1.76  0.218  100.0   1,970
w=0.40                          2463  20.26   2,010  55.9  -14,545   36,485   26,256  10,731  11.24    1.82  0.226  100.0   1,889
w=0.45                          2380  19.40   1,925  56.9  -13,312   33,307   24,237   9,903  11.79    1.88  0.233  100.0   1,809
w=0.50                          2298  18.55   1,841  57.8  -12,079   30,130   22,291   9,098  12.46    1.95  0.240  100.0   1,728
w=0.55                          2215  17.70   1,756  57.4  -10,846   26,952   20,345   8,322  13.29    2.03  0.246  100.0   1,647
w=0.60                          2133  16.85   1,671  57.8   -9,613   23,774   18,399   7,582  14.34    2.10  0.253  100.0   1,567
w=0.65                          2051  15.99   1,587  57.8   -8,380   20,971   16,453   6,892  15.44    2.18  0.261  100.0   1,486
w=0.70                          1968  15.14   1,502  57.8   -7,442   20,423   14,769   6,342  15.00    2.24  0.270  100.0   1,406
w=0.75                          1886  14.29   1,417  59.3   -7,369   19,875   13,330   5,889  14.55    2.29  0.279  100.0   1,325
w=0.80                          1803  13.43   1,333  58.8   -7,295   19,327   12,404   5,623  14.07    2.29  0.286  100.0   1,244
w=0.85                          1721  12.58   1,248  56.9   -7,222   18,780   10,644   5,849  13.56    2.24  0.285  100.0   1,164
w=0.90                          1639  11.73   1,164  52.9   -7,149   18,232   10,360   6,430  13.02    2.11  0.272  100.0   1,083
w=0.95                          1556  10.87   1,079  50.5   -7,076   17,684   10,774   7,518  12.45    1.93  0.248  100.0   1,003
w=1.00                          1474  10.02     994  43.6   -7,146   21,194   12,859   9,276   9.57    1.70  0.206  100.0     922

   best INTERIOR weight by MAR: w=0.65 -> MAR 15.44 vs incumbent 14.86
   corner weights: w=0.00 MAR 8.82 | w=1.00 MAR 9.57
   the unifying law predicts corners must NOT win -> law HOLDS here

================================================================================================================
=== PHASE 3: per-book session boxes at the SAME dollar levels (no re-tuning)
================================================================================================================
arm                             trds    pts     wk$  wk+%    worst    maxDD   top5DD   ulcer    MAR annShrp  cvEff  expo%  stress
P1 INCUMBENT                    1942  14.86   1,475  58.3   -7,418   20,245   14,266   6,183  14.86    2.26  0.273  100.0   1,379
NIGHT own box                   1058   6.81     676  44.1   -5,118   15,065    8,846   5,010   9.15    1.73  0.200   70.6     624
DAY own box                     1239  11.54   1,145  56.9   -9,977   20,864   15,693   6,421  11.20    1.93  0.180   52.2   1,084
SUM of per-book boxes           2297  18.36   1,821  58.3  -11,316   30,981   17,956   7,096  11.99    2.17  0.214  122.7   1,709
SUM rescaled to equal exposure  1871  14.95   1,484  58.3   -9,218   25,239   14,628   5,781  11.99    2.17  0.214  100.0   1,392

   per-book boxes correlation: +0.441 (worst decile +0.146)
   best interior weight with per-book boxes: box w=0.55 -> MAR 12.00, pts 15.27, top5DD 15,037, ulcer 5,886

================================================================================================================
=== PHASE 4 C1: stand aside 10:30-12:00 ET, the only measured-negative window
================================================================================================================
This REDUCES events, so the unifying law predicts it fails. If it wins, the law is wrong.
arm                             trds    pts     wk$  wk+%    worst    maxDD   top5DD   ulcer    MAR annShrp  cvEff  expo%  stress
P1 INCUMBENT                    1942  14.86   1,475  58.3   -7,418   20,245   14,266   6,183  14.86    2.26  0.273  100.0   1,379
C1 no 10:30-12:00 entries       1876  15.39   1,527  57.8   -6,890   24,827   16,545   7,987  12.55    2.30  0.262   99.4   1,435

================================================================================================================
=== PHASE 4 C2: THE BINDING NULL - random contiguous time splits
================================================================================================================
200 random contiguous 840-minute windows on the session clock, each
weight-scanned identically. If a random split reproduces the NIGHT/DAY benefit, the
benefit is variance-reduction arithmetic and not a property of the two tapes.

quantity                 NIGHT/DAY   null mean    null p95  percentile   verdict
weekly correlation          -0.032      -0.061      -0.101       22.0%      fail
best interior MAR           15.440      18.057      29.150       37.0%      fail
best interior pts           15.990      14.091      16.005       94.5%      fail
best interior top5DD     16453.000   12304.170    8346.450        1.5%      fail
best interior ulcer       6892.000    5255.690    3307.950        4.0%      fail
best interior annShrp        2.180       2.120       2.350       54.0%      fail

   preregistered bar: >= 95th percentile on BOTH pts and MAR.
   pts 94.5%  MAR 37.0%  -> DOES NOT CLEAR - the NIGHT/DAY split is one bet sampled twice
done [30s]
