targets ready [117s]
FULL STACK dev Sharpe 0.225  weekly $1,542  pos 58.7%  worst $-25,032

=== N1 NULL CALIBRATION (200 rate-matched random gates per real gate) ===
gate            blockRate  realShrp  nullMean   nullP95   pctile       p  verdict
delta               0.500     0.225     0.172     0.246     90.0   0.100  weak
   delta nulls done [143s]
range               0.299     0.225     0.184     0.222     95.0   0.050  EVIDENCE
   range nulls done [170s]
wave                0.500     0.225     0.204     0.267     73.0   0.270  NOT EVIDENCE
   wave nulls done [196s]
close               0.043     0.225     0.220     0.234     78.0   0.220  NOT EVIDENCE
   close nulls done [222s]

=== N2 PER-YEAR STABILITY (full stack) ===
year      weeks         net     mean   pos%     worst  sharpe
2022         52      39,938      768   51.9   -17,842   0.114
2023         52      55,632    1,070   59.6    -7,378   0.253
2024         52     110,398    2,123   63.5    -5,084   0.408
2025         52     125,446    2,412   63.5   -14,682   0.363
2026         31      94,467    3,047   58.1   -25,032   0.231

=== N3 PARAMETER SENSITIVITY (one at a time) ===
perturbation                shrp   delta
q=0.7                      0.231  +0.007
q=0.8 (stack)              0.225  +0.000
q=0.9                      0.224  -0.000
members=narrow5            0.212  -0.013
members=narrow7            0.186  -0.038

=== N4 LEAVE-ONE-OUT (remove one component from the FULL stack) ===
removed                     shrp    cost  verdict
delta gate                 0.183  +0.041  KEEP
range throttle             0.203  +0.022  KEEP
wave gate                  0.214  +0.011  KEEP
CLOSE drop                 0.220  +0.004  DEAD WEIGHT -> DROP
done [224s]
