======================================================================================================================
=== G3_SHORTALPHA / NATIVE - FOLLOW-UP. The identity question is settled (100.0000 %).
=== These three measurements decide whether the CLOSURE is economic as well as structural.
======================================================================================================================
    SEAL re-asserted: MODERN max bar 2026-07-31T16:59:00 < 2026-08-01  PASS
    P1 rebuilt: 2,002 trades / 2,368 ctrRT, net@$4.36 $280,131  [16s]

======================================================================================================================
=== F1  W61's OWN HEADLINE, re-measured. W61 Phase 2: scale the sleeve to P1's weekly SD,
===     then hold (1-w)*P1 + w*SHORT, everything rescaled to a fixed $20,245 max drawdown.
===     W61 reported this at the $4.36 FLOOR on 1,012 sessions. Here: three cost lines,
===     three populations. Same algebra, same grid.
======================================================================================================================

  --- MODERN 1,058 sess -----------------------------------------------------------------------------------
cost $/ctrRT  arm                     wk$@fixDD    delta    wk+%  wStrk    medWk$    top5DD    worst$
4.36          P1 alone                    1,099            56.3%      8       233    13,864    -6,199
4.36          P1 + SHORT w=0.10           1,128      +29   58.2%      6       406    12,693    -6,214
4.36          P1 + SHORT w=0.15           1,144      +45   58.2%      4       575    12,135    -6,222
4.36          P1 + SHORT w=0.20           1,162      +63   59.6%      4       612    11,657    -6,369
4.36          P1 + SHORT w=0.30           1,103       +4   62.0%      4       702    10,272    -6,461
4.36          P1 + SHORT w=0.40             970     -129   62.4%      4       607     9,429    -6,084
4.36          P1 + SHORT w=0.50             856     -243   64.3%      3       553     9,531    -5,760
4.36          SHORT standalone              362     -737   49.3%      9         0    12,112    -4,796

20.65         P1 alone                      861            53.1%      8        80    12,257    -5,870
20.65         P1 + SHORT w=0.10             872      +11   54.0%      6       251    13,229    -5,772
20.65         P1 + SHORT w=0.15             878      +16   54.5%      6       349    12,736    -5,718
20.65         P1 + SHORT w=0.20             876      +15   55.9%      4       449    12,165    -5,765
20.65         P1 + SHORT w=0.30             774      -88   59.2%      4       376    10,374    -5,477
20.65         P1 + SHORT w=0.40             672     -189   57.3%      4       355     9,175    -5,133
20.65         P1 + SHORT w=0.50             586     -276   59.6%      3       315     9,054    -4,840
20.65         SHORT standalone              225     -636   48.8%      9       -43    10,871    -3,648

25.01         P1 alone                      805            52.6%      8        30    12,296    -5,792
25.01         P1 + SHORT w=0.10             806       +1   53.5%      6       157    11,568    -5,660
25.01         P1 + SHORT w=0.15             803       -2   54.0%      6       288    11,273    -5,564
25.01         P1 + SHORT w=0.20             794      -11   54.9%      4       334    12,175    -5,541
25.01         P1 + SHORT w=0.30             699     -106   58.7%      4       304    10,379    -5,278
25.01         P1 + SHORT w=0.40             603     -202   56.8%      4       320     9,198    -4,945
25.01         P1 + SHORT w=0.50             522     -283   58.7%      5       271     9,144    -4,661
25.01         SHORT standalone              190     -615   48.4%      9       -35    10,558    -3,514


  --- EX-BURNED 1,012 sess --------------------------------------------------------------------------------
cost $/ctrRT  arm                     wk$@fixDD    delta    wk+%  wStrk    medWk$    top5DD    worst$
4.36          P1 alone                    1,475            58.3%      8       455    14,266    -7,418
4.36          P1 + SHORT w=0.10           1,867     +392   60.3%      4       802    16,462    -9,249
4.36          P1 + SHORT w=0.15           1,936     +462   60.8%      4       980    16,320    -9,513
4.36          P1 + SHORT w=0.20           1,814     +340   61.8%      4     1,028    14,766    -9,086
4.36          P1 + SHORT w=0.30           1,582     +108   63.7%      4       959    12,159    -8,579
4.36          P1 + SHORT w=0.40           1,344     -130   63.2%      4       822    11,090    -7,910
4.36          P1 + SHORT w=0.50           1,149     -325   65.2%      3       731    11,112    -7,362
4.36          SHORT standalone              371   -1,104   49.5%      9         0    12,703    -5,148

20.65         P1 alone                    1,116            54.9%      8       257    11,621    -6,679
20.65         P1 + SHORT w=0.10           1,348     +232   55.9%      4       521    15,739    -7,927
20.65         P1 + SHORT w=0.15           1,521     +406   56.4%      4       652    17,224    -8,857
20.65         P1 + SHORT w=0.20           1,478     +362   57.8%      4       781    16,287    -8,802
20.65         P1 + SHORT w=0.30           1,215      +99   60.3%      4       647    13,061    -7,916
20.65         P1 + SHORT w=0.40             970     -146   57.4%      4       524    10,939    -6,942
20.65         P1 + SHORT w=0.50             786     -330   60.3%      3       426    10,522    -6,212
20.65         SHORT standalone              218     -898   48.5%      9       -49    11,391    -3,926

25.01         P1 alone                    1,036            54.4%      8       227    11,504    -6,514
25.01         P1 + SHORT w=0.10           1,236     +200   55.4%      4       435    13,235    -7,669
25.01         P1 + SHORT w=0.15           1,364     +328   55.9%      4       530    14,555    -8,400
25.01         P1 + SHORT w=0.20           1,376     +340   56.4%      4       661    16,577    -8,650
25.01         P1 + SHORT w=0.30           1,119      +84   58.8%      4       575    13,199    -7,738
25.01         P1 + SHORT w=0.40             892     -144   56.9%      4       470    11,150    -6,814
25.01         P1 + SHORT w=0.50             719     -317   58.3%      5       373    10,778    -6,109
25.01         SHORT standalone              187     -849   48.0%      9       -46    11,226    -3,875


  --- 2026 only 152 sess ----------------------------------------------------------------------------------
cost $/ctrRT  arm                     wk$@fixDD    delta    wk+%  wStrk    medWk$    top5DD    worst$
4.36          P1 alone                      345            51.6%      6       158    12,586    -5,302
4.36          P1 + SHORT w=0.10             303      -41   48.4%      6      -252     8,458    -5,701
4.36          P1 + SHORT w=0.15             280      -65   48.4%      6      -377     8,534    -5,925
4.36          P1 + SHORT w=0.20             254      -90   48.4%      3       -29     8,617    -6,168
4.36          P1 + SHORT w=0.30             193     -152   51.6%      3       119     8,763    -6,586
4.36          P1 + SHORT w=0.40             108     -237   48.4%      3       -31     7,378    -6,275
4.36          P1 + SHORT w=0.50              30     -315   48.4%      3      -159     7,703    -5,936
4.36          SHORT standalone             -248     -593   38.7%      3      -918    12,085    -4,349

20.65         P1 alone                      210            51.6%      6         0    12,448    -4,931
20.65         P1 + SHORT w=0.10             163      -46   45.2%      6      -411     8,414    -5,262
20.65         P1 + SHORT w=0.15             137      -72   45.2%      6      -494     8,478    -5,446
20.65         P1 + SHORT w=0.20             110     -100   48.4%      3      -266     8,547    -5,645
20.65         P1 + SHORT w=0.30              43     -166   51.6%      3         2    10,792    -5,658
20.65         P1 + SHORT w=0.40             -22     -232   48.4%      3      -150     7,360    -5,313
20.65         P1 + SHORT w=0.50             -81     -291   51.6%      3        57     7,614    -5,004
20.65         SHORT standalone             -281     -490   41.9%      3      -778    20,245    -3,597

25.01         P1 alone                      178            48.4%      6       -48     8,293    -4,842
25.01         P1 + SHORT w=0.10             128      -50   45.2%      6      -442     8,398    -5,140
25.01         P1 + SHORT w=0.15             100      -78   45.2%      6      -519     8,456    -5,305
25.01         P1 + SHORT w=0.20              70     -108   48.4%      3      -317    10,570    -5,437
25.01         P1 + SHORT w=0.30               4     -174   48.4%      3       -23    10,787    -5,457
25.01         P1 + SHORT w=0.40             -59     -236   48.4%      3      -188     7,363    -5,122
25.01         P1 + SHORT w=0.50            -115     -293   51.6%      3         9     7,604    -4,823
25.01         SHORT standalone             -302     -480   41.9%      3      -749    20,245    -3,439


======================================================================================================================
=== F2  BREAK-EVEN COST per contract round turn. At what $/ctrRT does each object's net
===     reach zero? (naive line: C* = 4.36 + net@4.36 / ctrRT). The measured line is
===     $20.65 spread; all-in with the $4.36 Lifetime commission is $25.01.
======================================================================================================================

object                    population              trades    ctrRT    net@$4.36  $/ctrRT edge  break-even $  headroom vs $25.01
NATIVE SHORT (=W61)       MODERN 1,058 sess        2,294    2,294      132,918         57.94         62.30               2.49x
NATIVE SHORT (=W61)       EX-BURNED 1,012 sess     2,225    2,225      121,454         54.59         58.95               2.36x
P1 long (incumbent)       MODERN 1,058 sess        2,002    2,368      280,131        118.30        122.66               4.90x
P1 long (incumbent)       EX-BURNED 1,012 sess     1,942    2,300      300,817        130.79        135.15               5.40x

======================================================================================================================
=== F3  W73's DECOMPOSITION WITH COST AS A THIRD BUCKET.
===     W73 (out/asym.txt, committed) on 1,012 sessions at the $4.36 floor:
===        SHORT sleeve  2,225 trades   net $121,454   DRIFT -$23,078 (SE $15,130)
===                                                    TIMING +$144,532 (119 % of net)
===     The identity  net = TIMING + DRIFT  holds at the FLOOR only. At an honest cost
===     line there is a third term, and it is the only one measured without error.
======================================================================================================================

    this run, EX-BURNED 1,012 sessions: 2,225 trades, 2,225 ctrRT, net@$4.36 $121,454

bucket                                                   $          SE       t   share of TIMING
TIMING (W73, the short side HAS skill)             144,532           -       -             100 %
DRIFT tax (W73, estimated)                         -23,078      15,130   -1.53            -16.0%
COST above the $4.36 floor at $20.65               -36,245          ~0                    -25.1%
COST above the $4.36 floor at $25.01               -45,946          ~0                    -31.8%

    net at $25.01 all-in  =  TIMING + DRIFT + COST  =  144,532 + (-23,078) + (-45,946)  =  75,508
    direct measurement of the same quantity                        =  75,508    (identity holds)

    READ: the execution cost of expressing this signal is LARGER than the drift tax W73
    attributed the shortfall to, and unlike the drift tax it carries no standard error.
    W73's drift figure is t = -1.53; the cost figure is arithmetic.

======================================================================================================================
=== CONTROL: the same engine, same era, opposite direction, at the $4.36 FLOOR on the
===          16 deep years - so 'PRE is hostile to everything' can be checked, not assumed.
======================================================================================================================

object                       trades     ctrRT     net@$4.36   pts/sess  break-even $
P1 long (2006-2021)           9,557    11,557        79,076       0.92         11.20
NATIVE SHORT (2006-2021)     10,869    10,869       -50,014      -0.58         -0.24

    W97 M10 committed the deep P1 at net $79,076 on the same substrate - cross-check.

[done 57s]
