targets ready [161s]
fractions ready [161s]
   configs 20/81 [166s]
   configs 40/81 [171s]
   configs 60/81 [176s]
   configs 80/81 [181s]
walk-forward: 17 quarterly refits over 81 configurations
quarter     chosen (halt,target,thresh,q)       fitShrp    oosNet  oosShrp
2022-07-01  (1300, 1000, 0.6, 0.7)                0.145    15,322    0.399
2022-10-01  (1300, 1000, 0.6, 0.7)                0.216    13,106    0.302
2023-01-01  (1300, 1000, 0.6, 0.7)                0.238    -3,288   -0.109
2023-04-01  (1300, 1000, 0.6, 0.7)                0.186    14,368    0.690
2023-07-01  (1300, None, 0.4, 0.8)                0.298    -4,814   -0.142
2023-10-01  (1300, 2000, 0.6, 0.7)                0.264     1,714    0.043
2024-01-01  (None, 2000, 0.4, 0.9)                0.274    14,015    0.357
2024-04-01  (2600, 1000, 0.4, 0.9)                0.434    24,669    0.582
2024-07-01  (2600, 1000, 0.4, 0.9)                0.430    16,295    0.257
2024-10-01  (2600, 1000, 0.4, 0.9)                0.432    16,553    0.319
2025-01-01  (2600, 1000, 0.4, 0.9)                0.388    -4,482   -0.067
2025-04-01  (1300, 1000, 0.4, 0.9)                0.264    41,779    0.669
2025-07-01  (1300, 1000, 0.4, 0.9)                0.330    11,910    0.292
2025-10-01  (1300, 1000, 0.4, 0.8)                0.339     9,169    0.258
2026-01-01  (1300, 1000, 0.4, 0.8)                0.322    30,808    0.550
2026-04-01  (1300, 1000, 0.4, 0.8)                0.499     8,554    0.329
2026-07-01  (1300, 1000, 0.4, 0.8)                0.419         0      nan

object                              weeks         net   wkMean    pos%     worst  sharpe  trades
WF_FINAL (walk-forward)               199     205,679    1,034    60.3    -8,189   0.290    2123
FIXED_FINAL (1300/1000/0.5/0.8)       203     211,484    1,042    59.6    -7,797   0.300    1967
NAIVE (no box, 0.5, 0.8)              203     226,157    1,114    60.1   -17,365   0.214    2636
BESTFIXED (1300, 1000, 0.4, 0.9)      197     205,811    1,045    63.5    -7,257   0.304    1736

=== PREREGISTERED VERDICT ===
WF 0.290 | FIXED 0.300 (0.8x = 0.240) | NAIVE 0.214 | BESTFIXED 0.304  ->  STRONG
choice churn: 7 distinct over 17 refits, 6 changes (38%)
   chosen  4x: (1300, 1000, 0.6, 0.7)
   chosen  4x: (2600, 1000, 0.4, 0.9)
   chosen  4x: (1300, 1000, 0.4, 0.8)
   chosen  2x: (1300, 1000, 0.4, 0.9)
   chosen  1x: (1300, None, 0.4, 0.8)

WF per-year:
   2022: Sharpe  0.353  net    28,428  pos  48.1%
   2023: Sharpe  0.062  net     7,980  pos  52.9%
   2024: Sharpe  0.410  net    75,901  pos  74.0%
   2025: Sharpe  0.248  net    53,961  pos  55.1%
   2026: Sharpe  0.490  net    39,409  pos  72.7%
done [191s]
