=== loaded 216 persisted cells x 1012 sessions, 204 weeks (no re-simulation) [0s]

==============================================================================================================================
=== PHASE 0: the arms, full window, all at a fixed $20,245 max drawdown
==============================================================================================================================
arm                                       day+%  trdD+%   wk+%  dStrk  wStrk   medWk$   weekly$   top5DD   ulcer   worst$
E  P1 INCUMBENT                            27.6    46.0   58.3      6      8      455     1,475   14,266   6,183   -7,418
A  aggregate over HALT (4 cells, selection-free)   29.0    48.3   59.3      6      7      336     1,249   12,297   4,222   -8,484
B  aggregate over HALT x TARGET (24 cells, selection-free)   28.4    47.3   57.8      6      7      364     1,127   11,246   3,899   -7,588
C  constrained walk-forward (1 step/qtr)   30.2    50.4   60.3      6      8      461       791   10,659   4,866  -12,124   moved 6 of 12 quarters, ended at h2000_t750_v0.500_c3
D  fixed h2000_t750  [HINDSIGHT-FLAGGED]   30.5    50.9   59.8      5      7      767     1,445   12,455   4,308   -8,190

==============================================================================================================================
=== PHASE 1: sub-period stability. A full-sample argmax proves nothing.
==============================================================================================================================
arm                                             2022                      2023                      2024                      2025                      2026
                           trdD+% deltaweekly% delta trdD+% deltaweekly% delta trdD+% deltaweekly% delta trdD+% deltaweekly% delta trdD+% deltaweekly% delta
A halt-agg                         +2.8        +41.5         +0.6       +135.1         +2.4        -28.7         +0.7        -47.3         +8.5        +54.8
B halt x target agg                +2.8        +30.4         +0.6       +225.9         +1.2        -37.0         -0.7        -56.1         +5.6        +76.3
C constrained WF                   +0.0         +0.0         +1.3       +205.1         +6.1        -55.1         +6.3        -74.7         +8.5        +67.6
D h2000_t750 [hindsight]           +2.8        -37.5         +3.8       +189.5         +5.5        -27.7         +4.9        -35.0         +8.5        +67.6

   rolling 24-month windows: fraction in which the arm BEATS the incumbent
arm                         windows   trdD+% wins   weekly$ wins   top5DD wins   all three
A halt-agg                       22          100%            36%           59%          0%
B halt x target agg              22           91%            36%           64%          0%
C constrained WF                 22          100%            36%           59%          0%
D h2000_t750 [hindsight]         22          100%            41%           36%          0%

==============================================================================================================================
=== PHASE 2: does the halt aggregate work the way I said it does?
==============================================================================================================================
   sessions where the 4 halt cells DISAGREE: 254 of 1012 (25.1 %) - these are the sessions where a halt fired for some
   halts and not others, i.e. exactly where a graded halt can act.
                              sessions   incumbent $   aggregate $     delta $  inc +day%  agg +day%
halts DISAGREE                     254      -116,767      -121,560      -4,792      23.2%      28.7%
halts agree                        353       417,584       417,584           0      62.3%      62.3%
all flat                           405             0             0           0       0.0%       0.0%

   The stated mechanism requires the aggregate's gain to be concentrated on the
   DISAGREE rows. If it is not, the mechanism sentence is wrong.

==============================================================================================================================
=== PHASE 3: nulls, chosen per arm
==============================================================================================================================
A and B perform NO selection, so their null is a RANDOM-AXIS aggregate of the same size:
does the HALT axis specifically beat an arbitrary set of cells? C is a constrained
selector and gets a scan-matched null over its own constrained space.

arm                             real trdD+%  null mean     pct  real weekly$  null mean     pct   verdict
A halt-agg                             48.3       44.3   95.3%         1,249        917   98.0%      PASS
B halt x target agg                    47.3       43.8   99.7%         1,127        911  100.0%      PASS
C constrained WF                       50.4       46.4   99.3%           791      1,208   18.7%      fail

==============================================================================================================================
=== PHASE 4: THE CURVE - the owner's own units. This wave does NOT pick the point.
==============================================================================================================================
arm                                        trdD+%   weekly$  vs incumbent   $ per extra green day
hinf_t500_v0.500_c3                          55.8       782        -47.0%                   2,411
hinf_t750_v0.500_c3                          54.4       844        -42.8%                   2,580
h2000_t500_v0.500_c3                         52.9     1,066        -27.7%                   2,029
h2000_t750_v0.500_c3                         50.9     1,445         -2.0%                     207
h1300_t1000_v0.500_c3                        46.0     1,475         +0.0%                       -
h1300_t1500_v0.500_c3                        44.0     1,522         +3.2%                       -
h800_t750_v0.500_c3                          43.2     1,657        +12.3%                       -

   The incumbent sits at trdD+ 46.0 % and $1,475/wk.
   Every row above it buys green days and pays for them at the rate in the last
   column. THAT IS A PREFERENCE, NOT A FACT, and it is the owner's to set.

=== STATUS: nothing adopted. Arms are RECOMMENDED or not; the point is the owner's. ===
done [1s]
