=== 216 persisted cells x 1012 sessions, no re-simulation. All figures at 2.6 contracts. [0s]

   READ THIS FIRST: h2000_t750 was identified from response surfaces computed on the
   FULL window, which CONTAINS the last two years. Evaluating it there is NOT
   out-of-sample. What the table below can show is STABILITY ACROSS PERIODS, and how
   many of the 216 cells beat the incumbent in each period - the multiplicity
   context without which any single cell's number is unreadable.

============================================================================================================================================
=== 1: h2000_t750 against the incumbent, period by period
============================================================================================================================================
period          arm             pts  day+%  trdD+%   wk+%  wStrk  dStrk    medWk$   meanWk$    maxDD$   top5DD$   ulcer$   worstWk$
full window     incumbent     14.86   27.6    46.0   58.3      8     12       933     3,019    41,447    29,206   12,658    -15,186
                h2000_t750    15.37   30.5    50.9   59.8      7      8     1,657     3,123    43,760    26,922    9,311    -17,703
                DELTA         +0.51   +3.0    +4.9   +1.5     -1     -4      +725      +104    +2,313    -2,284   -3,346     -2,517

last 3 years    incumbent     16.69   28.3    46.7   59.2      4      7       979     3,383    33,550    23,345    9,017    -15,186
                h2000_t750    17.84   31.7    52.2   61.1      7      6     1,817     3,615    43,760    25,434    8,418    -17,703
                DELTA         +1.15   +3.3    +5.5   +1.9     +3     -1      +838      +232   +10,210    +2,089     -599     -2,517

LAST 2 YEARS    incumbent     20.92   29.2    48.6   61.9      4      7     1,866     4,225    31,413    19,049    8,006    -15,186
                h2000_t750    21.60   32.2    53.7   61.9      7      6     2,100     4,364    43,760    24,262    8,505    -17,703
                DELTA         +0.69   +3.1    +5.1   +0.0     +3     -1      +234      +139   +12,347    +5,213     +499     -2,517

last 12 months  incumbent     19.70   29.2    51.7   62.3      4      7     1,866     3,958    25,810    12,263    8,006    -12,988
                h2000_t750    21.52   32.3    57.1   66.0      2      6     2,100     4,322    21,375    14,362    6,705    -17,703
                DELTA         +1.81   +3.1    +5.4   +3.8     -2     -1      +234      +364    -4,434    +2,099   -1,301     -4,715

last 6 months   incumbent     14.62   31.2    48.8   61.5      3      7     1,424     2,946    25,810     9,550   10,528    -12,988
                h2000_t750    20.45   36.7    57.3   69.2      2      6     3,870     4,123    21,375     9,024    6,202    -17,703
                DELTA         +5.84   +5.5    +8.5   +7.7     -1     -1    +2,446    +1,177    -4,434      -525   -4,325     -4,715

============================================================================================================================================
=== 2: how many of the 216 cells beat the incumbent in each period?
============================================================================================================================================
Without this a single cell's improvement is unreadable. If a third of the grid beats the
incumbent in a period, one cell doing so is not evidence about that cell.

period             cells beating on meanWk   on trdD+%   on top5DD   on ALL THREE  h2000_t750 rank (meanWk)
full window                      47 of 216          95          41              1                 36 of 216
last 3 years                     52 of 216          96          25              1                 32 of 216
LAST 2 YEARS                     43 of 216          85          10              1                 35 of 216
last 12 months                   98 of 216         103          33              3                 65 of 216
last 6 months                   157 of 216         107          57             23                 87 of 216

============================================================================================================================================
=== 3: the halt x target surface ON THE LAST TWO YEARS (vote 0.5, quality cut 3)
============================================================================================================================================
halt / target             500          750         1000         1500         2500          inf

   -- mean week $ --
800                  3,184.3      3,764.7      3,796.0      3,872.3      3,812.5      4,379.0 
1300                 3,519.4      4,336.0      4,225.2*     4,129.4      4,017.5      4,533.0 
2000                 3,663.7      4,363.8+     4,283.1      4,304.0      4,000.8      4,725.9 
inf                  3,401.4      3,486.3      3,451.3      4,265.4      4,121.5      4,551.1 

   -- traded-day +% --
800                     47.3         44.4         43.4         40.2         38.3         37.3 
1300                    52.1         49.5         48.6*        45.0         42.1         41.2 
2000                    56.6         53.7+        53.4         49.5         46.6         45.7 
inf                     60.5         58.5         57.6         54.0         51.4         49.5 

   -- week +% --
800                     56.2         56.2         58.1         58.1         56.2         55.2 
1300                    58.1         61.0         61.9*        61.0         60.0         56.2 
2000                    60.0         61.9+        63.8         61.9         62.9         61.0 
inf                     64.8         63.8         63.8         62.9         63.8         62.9 

   -- mean top-5 DD $ --
800                 17,879.5     20,999.5     19,250.3     23,109.7     22,552.9     24,484.6 
1300                19,306.7     18,275.6     19,049.1*    25,585.4     25,667.0     29,302.4 
2000                24,708.0     24,261.7+    25,267.3     32,106.7     34,731.1     37,066.9 
inf                 37,032.8     35,969.8     38,077.1     44,498.9     47,369.8     49,622.8 

   -- worst weekly streak --
800                        8            7            7            7            7            7 
1300                       4            4            4*           5            7            7 
2000                       8            7+           7            7            7            7 
inf                        5            5            7            7            7            7 

   * = incumbent   + = h2000_t750

============================================================================================================================================
=== 4: is the h2000_t750 direction STABLE, or does it live in one slice?
============================================================================================================================================
Each month-end, a trailing 12-month window. The candidate either beats the incumbent
consistently across them or it does not. This is the only reading the data supports.

   34 trailing-12-month windows (they overlap 11/12, so the effective independent
   count is about 2):
      beats the incumbent on traded-day +%            100 % of windows
      beats the incumbent on week +%                   44 % of windows
      beats the incumbent on mean week $               62 % of windows
      beats the incumbent on mean top-5 drawdown       41 % of windows

   median delta across those windows: traded-day +4.9 pp | mean week $+112 | top-5 drawdown $+749

=== STATUS: reporting only. Nothing adopted. The surface and the multiplicity
    context are the deliverable, not any single cell. ===
done [1s]
