available ready; big days 16.8% [1s]
trends ready [40s]
available 410,970 pts / 1187 sessions; big-day (>=500 pts) share 16.8% carrying 33.7% of all points
reference: S1 1.45 pts/trade capture 4.70% | S4n.gdl 3.32 pts/trade capture 4.68%

variant                                 n  pts/tr  CAPT%  bigCAP  smlCAP  RIGHT  WRONG   CHOP  wkMean  wkPos  wkWorst  wkShrp   strs
TR_SOLAR|R0.236|X_TREND|nogate      12469    0.22   0.66    6.97   -2.56   27.2   41.3   30.8     202   45.2  -18,083   0.040   -316
TR_SOLAR|R0.236|X_TREND|gdl          8419    0.68    1.4    8.01   -1.97   28.6   33.3   33.4     486   53.5  -16,048   0.106    137
TR_SOLAR|R0.236|X_TRAIL_PTS80|nogate  12741    0.34   1.06    5.87   -1.38   28.4   41.1   29.8     331   50.0  -17,429   0.083   -197
TR_SOLAR|R0.236|X_TRAIL_PTS80|gdl    8721    0.80    1.7    6.91   -0.96   29.1   33.1   32.9     584   52.6   -9,036   0.153    224
TR_SOLAR|R0.236|X_TARGET120|nogate  12704    0.21   0.64    3.46   -0.79   29.2   41.4   28.7     250   50.4  -15,386   0.064   -277
TR_SOLAR|R0.236|X_TARGET120|gdl      8632    0.46   0.98    4.39   -0.76   30.2   33.2   31.8     429   50.9  -10,422   0.114     72
TR_SOLAR|R0.382|X_TREND|nogate      12135    0.24   0.69    5.37   -1.69   25.7   41.6   32.0     285   47.4  -14,879   0.059   -219
TR_SOLAR|R0.382|X_TREND|gdl          8036    0.34   0.67    5.21   -1.64   26.5   33.1   34.5     294   50.0  -18,236   0.069    -39
TR_SOLAR|R0.382|X_TRAIL_PTS80|nogate  12333    0.40   1.19    4.25   -0.37   26.3   41.3   31.8     462   51.7  -13,315   0.118    -49
TR_SOLAR|R0.382|X_TRAIL_PTS80|gdl    8235    0.59   1.18    4.61   -0.57   27.0   33.1   33.9     467   51.3   -7,499   0.128    126
TR_SOLAR|R0.382|X_TARGET120|nogate  12244    0.30   0.91    2.36    0.17   27.7   41.6   30.0     393   53.0  -13,672   0.101   -115
TR_SOLAR|R0.382|X_TARGET120|gdl      8136    0.44   0.88    2.73   -0.06   27.6   33.2   33.2     413   52.6  -13,863   0.112     77
TR_SOLAR|R0.5|X_TREND|nogate        11712    0.36   1.03    5.56   -1.28   24.5   41.6   33.0     315   48.7  -26,405   0.064   -172
TR_SOLAR|R0.5|X_TREND|gdl            7637    0.50   0.92    5.75   -1.54   24.7   32.9   35.2     290   49.6  -25,383   0.065    -27
TR_SOLAR|R0.5|X_TRAIL_PTS80|nogate  11844    0.63   1.82    5.37    0.01   25.0   41.4   32.7     572   51.7  -13,227   0.145     81
TR_SOLAR|R0.5|X_TRAIL_PTS80|gdl      7772    0.85   1.61    5.91   -0.58   24.9   32.9   35.0     506   52.6   -9,950   0.138    184
TR_SOLAR|R0.5|X_TARGET120|nogate    11772    0.51   1.46    3.36    0.49   26.5   41.6   31.0     518   55.2  -11,199   0.141     28
TR_SOLAR|R0.5|X_TARGET120|gdl        7688    0.57   1.07    3.63   -0.23   26.2   33.0   33.6     424   53.9  -10,207   0.120    105
TR_EMA|R0.236|X_TREND|nogate        35274    0.00    0.0   18.45   -9.40   24.7   43.0   32.4    -106   48.3  -25,467  -0.016 -1,582
TR_EMA|R0.236|X_TREND|gdl           21547    0.07   0.35   16.56   -7.90   28.1   36.7   35.1     -42   46.5  -19,853  -0.007   -944
TR_EMA|R0.236|X_TRAIL_PTS80|nogate  36330   -0.14  -1.21   12.89   -8.38   25.5   41.1   33.4    -367   47.4  -15,944  -0.066 -1,882
TR_EMA|R0.236|X_TRAIL_PTS80|gdl     22476   -0.14  -0.76   12.17   -7.35   29.1   35.5   35.4    -248   43.9  -12,116  -0.049 -1,185
TR_EMA|R0.236|X_TARGET120|nogate    36030   -0.13  -1.16   11.46   -7.58   28.1   40.6   31.3    -468   47.4  -17,519  -0.077 -1,972
TR_EMA|R0.236|X_TARGET120|gdl       22149   -0.21  -1.16   10.24   -6.96   31.1   35.8   33.1    -422   43.9  -12,617  -0.082 -1,347
TR_EMA|R0.382|X_TREND|nogate        34632   -0.08  -0.67   15.08   -8.69   24.3   42.3   33.4    -404   46.1  -25,471  -0.069 -1,853
TR_EMA|R0.382|X_TREND|gdl           20766    0.05   0.23   13.23   -6.39   28.1   37.2   34.8    -115   48.7  -20,686  -0.022   -984
TR_EMA|R0.382|X_TRAIL_PTS80|nogate  35418   -0.16  -1.38   10.04   -7.19   25.9   40.5   33.6    -505   44.8  -12,525  -0.104 -1,983
TR_EMA|R0.382|X_TRAIL_PTS80|gdl     21395   -0.10  -0.51    9.39   -5.55   29.1   36.2   34.7    -134   47.8  -10,231  -0.030 -1,026
TR_EMA|R0.382|X_TARGET120|nogate    35040   -0.11  -0.97    8.69   -5.89   26.7   40.8   32.5    -526   44.3  -17,761  -0.103 -1,990
TR_EMA|R0.382|X_TARGET120|gdl       21069   -0.10  -0.53    7.56   -4.65   30.7   36.3   33.0    -295   45.7  -11,962  -0.065 -1,175
TR_EMA|R0.5|X_TREND|nogate          33661   -0.21  -1.69   10.09   -7.68   23.3   44.4   32.3    -624   40.0  -19,998  -0.110 -2,033
TR_EMA|R0.5|X_TREND|gdl             19817   -0.13  -0.64    9.70   -5.90   26.7   37.0   36.3    -257   44.3  -15,359  -0.053 -1,086
TR_EMA|R0.5|X_TRAIL_PTS80|nogate    34171   -0.21  -1.74    7.61   -6.50   24.3   42.6   33.0    -638   40.4  -12,843  -0.132 -2,065
TR_EMA|R0.5|X_TRAIL_PTS80|gdl       20192   -0.18  -0.87    7.44   -5.10   27.7   36.3   36.0    -276   42.6  -10,066  -0.064 -1,119
TR_EMA|R0.5|X_TARGET120|nogate      33906   -0.14  -1.19    5.76   -4.73   26.3   43.2   30.5    -567   41.7  -15,054  -0.120 -1,984
TR_EMA|R0.5|X_TARGET120|gdl         19977   -0.19  -0.95    5.05   -4.00   29.7   36.6   33.6    -401   43.9   -9,500  -0.102 -1,236

SHORTLIST (capture>5.5% AND wkSharpe>=0.193 AND stress>0): 0
F1 FIRED: no pullback variant exceeds 5.5% capture -> the ceiling is not an entry-geometry artifact.

best by capture regardless:
                             variant     n  pts_per_trade  capture  big_capture  small_capture  RIGHT  wk_sharpe  stress
  TR_SOLAR|R0.5|X_TRAIL_PTS80|nogate 11844           0.63     1.82         5.37           0.01   25.0      0.145      81
   TR_SOLAR|R0.236|X_TRAIL_PTS80|gdl  8721           0.80     1.70         6.91          -0.96   29.1      0.153     224
     TR_SOLAR|R0.5|X_TRAIL_PTS80|gdl  7772           0.85     1.61         5.91          -0.58   24.9      0.138     184
    TR_SOLAR|R0.5|X_TARGET120|nogate 11772           0.51     1.46         3.36           0.49   26.5      0.141      28
         TR_SOLAR|R0.236|X_TREND|gdl  8419           0.68     1.40         8.01          -1.97   28.6      0.106     137
TR_SOLAR|R0.382|X_TRAIL_PTS80|nogate 12333           0.40     1.19         4.25          -0.37   26.3      0.118     -49
   TR_SOLAR|R0.382|X_TRAIL_PTS80|gdl  8235           0.59     1.18         4.61          -0.57   27.0      0.128     126
       TR_SOLAR|R0.5|X_TARGET120|gdl  7688           0.57     1.07         3.63          -0.23   26.2      0.120     105

best by pts_per_trade:
                           variant     n  pts_per_trade  capture  big_capture  wk_mean  wk_sharpe  stress
   TR_SOLAR|R0.5|X_TRAIL_PTS80|gdl  7772           0.85     1.61         5.91      506      0.138     184
 TR_SOLAR|R0.236|X_TRAIL_PTS80|gdl  8721           0.80     1.70         6.91      584      0.153     224
       TR_SOLAR|R0.236|X_TREND|gdl  8419           0.68     1.40         8.01      486      0.106     137
TR_SOLAR|R0.5|X_TRAIL_PTS80|nogate 11844           0.63     1.82         5.37      572      0.145      81
 TR_SOLAR|R0.382|X_TRAIL_PTS80|gdl  8235           0.59     1.18         4.61      467      0.128     126
     TR_SOLAR|R0.5|X_TARGET120|gdl  7688           0.57     1.07         3.63      424      0.120     105
  TR_SOLAR|R0.5|X_TARGET120|nogate 11772           0.51     1.46         3.36      518      0.141      28
         TR_SOLAR|R0.5|X_TREND|gdl  7637           0.50     0.92         5.75      290      0.065     -27
done [67s]
