=== H1 DEEP HISTORY: the identical B engine on data this campaign has never used ===

--- 2006-2021: 4,908,286 bars, 4,279 sessions, 16872 B trades ---
year        wks      n     $/tr      wk$   wk+%     worst    shrp   stress
2006         52    658     -0.7       -9   44.2      -770  -0.024     -136
2007         53    769     -3.5      -51   45.3      -980  -0.134     -196
2008         53    885      1.8       31   47.2    -1,784   0.042     -136
2009         53    991      1.8       34   52.8    -1,106   0.073     -153
2010         52    974     -2.6      -50   51.9    -1,435  -0.098     -237
2011         52   1055     -1.4      -29   42.3    -1,643  -0.039     -232
2012         53   1076     -4.9     -100   35.8    -1,164  -0.201     -303
2013         53   1021     -7.4     -143   35.8    -1,498  -0.306     -336
2014         52   1037     -4.8      -95   53.8    -2,644  -0.126     -294
2015         53   1117      1.5       31   45.3    -2,123   0.029     -180
2016         52   1159      3.7       82   55.8    -2,703   0.076     -141
2017         52   1259      1.2       30   53.8    -1,808   0.031     -212
2018         53   1202    -14.1     -321   37.7    -4,918  -0.199     -548
2019         53   1371      2.4       62   47.2    -4,692   0.035     -197
2020         53   1114     16.2      340   52.8    -9,619   0.099      130
2021         52   1184     24.1      548   59.6    -5,150   0.182      321
   positive years 8/16
deep done [92s]

=== modern window, same table for comparison ===

--- 2022-2026: 1,558,497 bars, 1,141 sessions, 4736 B trades ---
year        wks      n     $/tr      wk$   wk+%     worst    shrp   stress
2022         52   1051     13.7      277   46.2   -11,175   0.056       74
2023         52   1203     -2.1      -48   53.8    -4,945  -0.018     -279
2024         53   1128     -1.9      -41   52.8    -9,142  -0.009     -253
2025         53    995     64.0    1,201   56.6    -6,383   0.294    1,014
2026         22    359     53.9      879   59.1    -8,337   0.151      716
   positive years 3/5

=== H2 REGIME CONDITIONING (causal: trailing-20-session ATR / trailing-250) [115s] ===
   regime variable quartile cuts: [0.789 0.943 1.116]
regime                            n     $/tr      total$   share%
Q1 calmest  rel<0.79           1184     -3.0      -3,607     -3.9
Q2          rel<0.94           1183     -4.0      -4,688     -5.1
Q3          rel<1.12           1184     45.8      54,258     58.5
Q4 most expanded               1185     39.5      46,783     50.4

   and the same split BY YEAR-HALF, to separate regime from recency:
period                            n     $/tr   meanRel
2022H1                          497     56.0     0.952
2022H2                          554    -24.3     0.800
2023H1                          595    -17.6     0.755
2023H2                          608     13.1     0.914
2024H1                          604    -17.3     1.032
2024H2                          524     15.8     1.263
2025H1                          472    113.7     1.319
2025H2                          523     19.1     0.849
2026H1                          359     53.9     1.157
done [116s]
